Archive member included because of file (symbol)

/nfs/nfs5/home/research/hardware/arm2/gcc-arm-embedded/gcc-arm-none-eabi-4_8-2014q2/bin/../lib/gcc/arm-none-eabi/4.8.4/../../../../arm-none-eabi/lib/armv7e-m/libc.a(lib_a-atoi.o)
                              build/obj/sensor_service.o (atoi)
/nfs/nfs5/home/research/hardware/arm2/gcc-arm-embedded/gcc-arm-none-eabi-4_8-2014q2/bin/../lib/gcc/arm-none-eabi/4.8.4/../../../../arm-none-eabi/lib/armv7e-m/libc.a(lib_a-malloc.o)
                              build/obj/usbd_cdc.o (malloc)
/nfs/nfs5/home/research/hardware/arm2/gcc-arm-embedded/gcc-arm-none-eabi-4_8-2014q2/bin/../lib/gcc/arm-none-eabi/4.8.4/../../../../arm-none-eabi/lib/armv7e-m/libc.a(lib_a-mallocr.o)
                              /nfs/nfs5/home/research/hardware/arm2/gcc-arm-embedded/gcc-arm-none-eabi-4_8-2014q2/bin/../lib/gcc/arm-none-eabi/4.8.4/../../../../arm-none-eabi/lib/armv7e-m/libc.a(lib_a-malloc.o) (_malloc_r)
/nfs/nfs5/home/research/hardware/arm2/gcc-arm-embedded/gcc-arm-none-eabi-4_8-2014q2/bin/../lib/gcc/arm-none-eabi/4.8.4/../../../../arm-none-eabi/lib/armv7e-m/libc.a(lib_a-memcmp.o)
                              build/obj/bluenrg_utils.o (memcmp)
/nfs/nfs5/home/research/hardware/arm2/gcc-arm-embedded/gcc-arm-none-eabi-4_8-2014q2/bin/../lib/gcc/arm-none-eabi/4.8.4/../../../../arm-none-eabi/lib/armv7e-m/libc.a(lib_a-memcpy.o)
                              build/obj/osal.o (memcpy)
/nfs/nfs5/home/research/hardware/arm2/gcc-arm-embedded/gcc-arm-none-eabi-4_8-2014q2/bin/../lib/gcc/arm-none-eabi/4.8.4/../../../../arm-none-eabi/lib/armv7e-m/libc.a(lib_a-memset.o)
                              build/obj/osal.o (memset)
/nfs/nfs5/home/research/hardware/arm2/gcc-arm-embedded/gcc-arm-none-eabi-4_8-2014q2/bin/../lib/gcc/arm-none-eabi/4.8.4/../../../../arm-none-eabi/lib/armv7e-m/libc.a(lib_a-mlock.o)
                              /nfs/nfs5/home/research/hardware/arm2/gcc-arm-embedded/gcc-arm-none-eabi-4_8-2014q2/bin/../lib/gcc/arm-none-eabi/4.8.4/../../../../arm-none-eabi/lib/armv7e-m/libc.a(lib_a-mallocr.o) (__malloc_lock)
/nfs/nfs5/home/research/hardware/arm2/gcc-arm-embedded/gcc-arm-none-eabi-4_8-2014q2/bin/../lib/gcc/arm-none-eabi/4.8.4/../../../../arm-none-eabi/lib/armv7e-m/libc.a(lib_a-printf.o)
                              build/obj/HTS221_Driver.o (printf)
/nfs/nfs5/home/research/hardware/arm2/gcc-arm-embedded/gcc-arm-none-eabi-4_8-2014q2/bin/../lib/gcc/arm-none-eabi/4.8.4/../../../../arm-none-eabi/lib/armv7e-m/libc.a(lib_a-sbrkr.o)
                              /nfs/nfs5/home/research/hardware/arm2/gcc-arm-embedded/gcc-arm-none-eabi-4_8-2014q2/bin/../lib/gcc/arm-none-eabi/4.8.4/../../../../arm-none-eabi/lib/armv7e-m/libc.a(lib_a-mallocr.o) (_sbrk_r)
/nfs/nfs5/home/research/hardware/arm2/gcc-arm-embedded/gcc-arm-none-eabi-4_8-2014q2/bin/../lib/gcc/arm-none-eabi/4.8.4/../../../../arm-none-eabi/lib/armv7e-m/libc.a(lib_a-sprintf.o)
                              build/obj/sensor_service.o (sprintf)
/nfs/nfs5/home/research/hardware/arm2/gcc-arm-embedded/gcc-arm-none-eabi-4_8-2014q2/bin/../lib/gcc/arm-none-eabi/4.8.4/../../../../arm-none-eabi/lib/armv7e-m/libc.a(lib_a-strcmp.o)
                              build/obj/shell.o (strcmp)
/nfs/nfs5/home/research/hardware/arm2/gcc-arm-embedded/gcc-arm-none-eabi-4_8-2014q2/bin/../lib/gcc/arm-none-eabi/4.8.4/../../../../arm-none-eabi/lib/armv7e-m/libc.a(lib_a-strncmp.o)
                              build/obj/sensor_service.o (strncmp)
/nfs/nfs5/home/research/hardware/arm2/gcc-arm-embedded/gcc-arm-none-eabi-4_8-2014q2/bin/../lib/gcc/arm-none-eabi/4.8.4/../../../../arm-none-eabi/lib/armv7e-m/libc.a(lib_a-strpbrk.o)
                              build/obj/shell.o (strpbrk)
/nfs/nfs5/home/research/hardware/arm2/gcc-arm-embedded/gcc-arm-none-eabi-4_8-2014q2/bin/../lib/gcc/arm-none-eabi/4.8.4/../../../../arm-none-eabi/lib/armv7e-m/libc.a(lib_a-strspn.o)
                              build/obj/shell.o (strspn)
/nfs/nfs5/home/research/hardware/arm2/gcc-arm-embedded/gcc-arm-none-eabi-4_8-2014q2/bin/../lib/gcc/arm-none-eabi/4.8.4/../../../../arm-none-eabi/lib/armv7e-m/libc.a(lib_a-strtol.o)
                              /nfs/nfs5/home/research/hardware/arm2/gcc-arm-embedded/gcc-arm-none-eabi-4_8-2014q2/bin/../lib/gcc/arm-none-eabi/4.8.4/../../../../arm-none-eabi/lib/armv7e-m/libc.a(lib_a-atoi.o) (_strtol_r)
/nfs/nfs5/home/research/hardware/arm2/gcc-arm-embedded/gcc-arm-none-eabi-4_8-2014q2/bin/../lib/gcc/arm-none-eabi/4.8.4/../../../../arm-none-eabi/lib/armv7e-m/libc.a(lib_a-svfprintf.o)
                              /nfs/nfs5/home/research/hardware/arm2/gcc-arm-embedded/gcc-arm-none-eabi-4_8-2014q2/bin/../lib/gcc/arm-none-eabi/4.8.4/../../../../arm-none-eabi/lib/armv7e-m/libc.a(lib_a-sprintf.o) (_svfprintf_r)
/nfs/nfs5/home/research/hardware/arm2/gcc-arm-embedded/gcc-arm-none-eabi-4_8-2014q2/bin/../lib/gcc/arm-none-eabi/4.8.4/../../../../arm-none-eabi/lib/armv7e-m/libc.a(lib_a-vfprintf.o)
[...]
Memory Configuration

Name             Origin             Length             Attributes
flash            0x08000000         0x00100000
ram0             0x20000000         0x00018000
ram1             0x00000000         0x00000000
ram2             0x00000000         0x00000000
ram3             0x00000000         0x00000000
ram4             0x10000000         0x00008000
ram5             0x00000000         0x00000000
ram6             0x00000000         0x00000000
ram7             0x00000000         0x00000000
*default*        0x00000000         0xffffffff

Linker script and memory map

LOAD build/obj/crt0_v7m.o
LOAD build/obj/chcoreasm_v7m.o
LOAD build/obj/crt1.o
LOAD build/obj/vectors.o
LOAD build/obj/chsys.o
LOAD build/obj/chdebug.o
LOAD build/obj/chvt.o
LOAD build/obj/chschd.o
LOAD build/obj/chthreads.o
LOAD build/obj/chtm.o
LOAD build/obj/chdynamic.o
LOAD build/obj/chregistry.o
LOAD build/obj/chsem.o
LOAD build/obj/chmtx.o
LOAD build/obj/chcond.o
LOAD build/obj/chevents.o
LOAD build/obj/chmsg.o
LOAD build/obj/chmboxes.o
LOAD build/obj/chqueues.o
LOAD build/obj/chmemcore.o
LOAD build/obj/chheap.o
LOAD build/obj/chmempools.o
LOAD build/obj/chcore.o
LOAD build/obj/chcore_v7m.o
LOAD build/obj/osal.o
LOAD build/obj/hal.o
LOAD build/obj/st.o
LOAD build/obj/hal_buffers.o
LOAD build/obj/hal_queues.o
LOAD build/obj/hal_mmcsd.o
LOAD build/obj/mmc_spi.o
LOAD build/obj/pal.o
LOAD build/obj/serial.o
LOAD build/obj/spi.o
LOAD build/obj/usb.o
LOAD build/obj/nvic.o
LOAD build/obj/hal_lld.o
LOAD build/obj/stm32_dma.o
LOAD build/obj/st_lld.o
LOAD build/obj/pal_lld.o
LOAD build/obj/usb_lld.o
LOAD build/obj/spi_lld.o
LOAD build/obj/serial_lld.o
LOAD build/obj/board.o
LOAD build/obj/test.o
LOAD build/obj/testthd.o
LOAD build/obj/testsem.o
LOAD build/obj/testmtx.o
LOAD build/obj/testmsg.o
LOAD build/obj/testmbox.o
LOAD build/obj/testevt.o
LOAD build/obj/testheap.o
LOAD build/obj/testpools.o
LOAD build/obj/testdyn.o
LOAD build/obj/testqueues.o
LOAD build/obj/testsys.o
LOAD build/obj/testbmk.o
LOAD build/obj/evtimer.o
LOAD build/obj/memstreams.o
LOAD build/obj/chprintf.o
LOAD build/obj/shell.o
LOAD build/obj/AudioBV_Manager.o
LOAD build/obj/MotionCP_Manager.o
LOAD build/obj/MotionGR_Manager.o
LOAD build/obj/HWAdvanceFeatures.o
LOAD build/obj/MotionAR_Manager.o
LOAD build/obj/stm32l4xx_hal_msp.o
LOAD build/obj/OTA.o
LOAD build/obj/TargetPlatform.o
LOAD build/obj/usbd_conf.o
LOAD build/obj/sensor_service.o
LOAD build/obj/HTS221_Driver_HL.o
LOAD build/obj/usbd_cdc_interface.o
LOAD build/obj/HTS221_Driver.o
LOAD build/obj/LPS22HB_Driver_HL.o
LOAD build/obj/LPS22HB_Driver.o
LOAD build/obj/LSM303AGR_MAG_driver_HL.o
LOAD build/obj/LSM303AGR_ACC_driver_HL.o
LOAD build/obj/LSM303AGR_MAG_driver.o
LOAD build/obj/LSM303AGR_ACC_driver.o
LOAD build/obj/LSM6DSM_ACC_GYRO_driver.o
LOAD build/obj/LSM6DSM_ACC_GYRO_driver_HL.o
LOAD build/obj/STC3115_Driver.o
LOAD build/obj/SensorTile.o
LOAD build/obj/SensorTile_BlueNRG.o
LOAD build/obj/SensorTile_accelero.o
LOAD build/obj/SensorTile_audio_in.o
LOAD build/obj/SensorTile_gg.o
LOAD build/obj/SensorTile_gyro.o
LOAD build/obj/SensorTile_humidity.o
LOAD build/obj/SensorTile_magneto.o
LOAD build/obj/SensorTile_pressure.o
LOAD build/obj/SensorTile_temperature.o
LOAD build/obj/stm32l4xx_hal.o
LOAD build/obj/stm32l4xx_hal_adc.o
LOAD build/obj/stm32l4xx_hal_cortex.o
LOAD build/obj/stm32l4xx_hal_crc.o
LOAD build/obj/stm32l4xx_hal_crc_ex.o
LOAD build/obj/stm32l4xx_hal_dfsdm.o
LOAD build/obj/stm32l4xx_hal_dma.o
LOAD build/obj/stm32l4xx_hal_flash.o
LOAD build/obj/stm32l4xx_hal_flash_ex.o
LOAD build/obj/stm32l4xx_hal_gpio.o
LOAD build/obj/stm32l4xx_hal_i2c.o
LOAD build/obj/stm32l4xx_hal_i2c_ex.o
LOAD build/obj/stm32l4xx_hal_pcd.o
LOAD build/obj/stm32l4xx_hal_pcd_ex.o
LOAD build/obj/stm32l4xx_hal_pwr.o
LOAD build/obj/stm32l4xx_hal_pwr_ex.o
LOAD build/obj/stm32l4xx_hal_rcc.o
LOAD build/obj/stm32l4xx_hal_rcc_ex.o
LOAD build/obj/stm32l4xx_hal_rtc.o
LOAD build/obj/stm32l4xx_hal_rtc_ex.o
LOAD build/obj/stm32l4xx_hal_spi.o
LOAD build/obj/stm32l4xx_hal_spi_ex.o
LOAD build/obj/stm32l4xx_hal_tim.o
LOAD build/obj/stm32l4xx_hal_tim_ex.o
LOAD build/obj/stm32l4xx_hal_uart.o
LOAD build/obj/stm32l4xx_hal_uart_ex.o
LOAD build/obj/stm32l4xx_ll_usb.o
LOAD build/obj/bluenrg_itf_template.o
LOAD build/obj/bluenrg_gap_aci.o
LOAD build/obj/bluenrg_gatt_aci.o
LOAD build/obj/bluenrg_hal_aci.o
LOAD build/obj/bluenrg_l2cap_aci.o
LOAD build/obj/bluenrg_updater_aci.o
LOAD build/obj/bluenrg_utils.o
LOAD build/obj/hci.o
LOAD build/obj/ble_list.o
LOAD build/obj/gp_timer.o
LOAD build/obj/MetaDataManager.o
LOAD build/obj/usbd_cdc.o
LOAD build/obj/usbd_core.o
LOAD build/obj/usbd_ctlreq.o
LOAD build/obj/usbd_ioreq.o
LOAD build/obj/MotionFX_Manager.o
LOAD build/obj/usbd_desc.o
LOAD build/obj/btle.o
LOAD build/obj/main.o
                0x20000000                __ram0_start__ = ORIGIN (ram0)
                0x00018000                __ram0_size__ = 0x18000
                0x20018000                __ram0_end__ = (__ram0_start__ + __ram0_size__)
                0x00000000                __ram1_start__ = ORIGIN (ram1)
                0x00000000                __ram1_size__ = 0x0
                0x00000000                __ram1_end__ = (__ram1_start__ + __ram1_size__)
                0x00000000                __ram2_start__ = ORIGIN (ram2)
                0x00000000                __ram2_size__ = 0x0
                0x00000000                __ram2_end__ = (__ram2_start__ + __ram2_size__)
                0x00000000                __ram3_start__ = ORIGIN (ram3)
                0x00000000                __ram3_size__ = 0x0
                0x00000000                __ram3_end__ = (__ram3_start__ + __ram3_size__)
                0x10000000                __ram4_start__ = ORIGIN (ram4)
                0x00008000                __ram4_size__ = 0x8000
                0x10008000                __ram4_end__ = (__ram4_start__ + __ram4_size__)
                0x00000000                __ram5_start__ = ORIGIN (ram5)
                0x00000000                __ram5_size__ = 0x0
                0x00000000                __ram5_end__ = (__ram5_start__ + __ram5_size__)
                0x00000000                __ram6_start__ = ORIGIN (ram6)
                0x00000000                __ram6_size__ = 0x0
                0x00000000                __ram6_end__ = (__ram6_start__ + __ram6_size__)
                0x00000000                __ram7_start__ = ORIGIN (ram7)
                0x00000000                __ram7_size__ = 0x0
                0x00000000                __ram7_end__ = (__ram7_start__ + __ram7_size__)
                0x00000000                . = 0x0
                0x00000000                _text = .

startup         0x08000000      0x200
 *(.vectors)
 .vectors       0x08000000      0x200 build/obj/vectors.o
                0x08000000                _vectors

constructors    0x08000200        0x0
                0x08000200                __init_array_start = .
 *(SORT(.init_array.*))
 *(.init_array)
                0x08000200                __init_array_end = .

destructors     0x08000200        0x0
                0x08000200                __fini_array_start = .
 *(.fini_array)
 *(SORT(.fini_array.*))
                0x08000200                __fini_array_end = .

.text           0x08000200    0x67978
 *(.text)
 .text          0x08000200       0xd4 build/obj/crt0_v7m.o
                0x08000200                Reset_Handler
 *fill*         0x080002d4        0xc 
 .text          0x080002e0       0x28 build/obj/chcoreasm_v7m.o
                0x080002e0                _port_switch
                0x080002f0                _port_thread_start
                0x08000300                _port_switch_from_isr
                0x08000304                _port_exit_from_isr
 *fill*         0x08000308        0x8 
 .text          0x08000310       0xb0 build/obj/crt1.o
                0x08000310                __core_init
                0x08000330                __late_init
                0x08000340                __default_exit
                0x08000350                __init_ram_areas
 .text          0x080003c0       0x10 build/obj/vectors.o
                0x080003c0                Vector58
                0x080003c0                VectorE8
                0x080003c0                Vector9C
                0x080003c0                VectorAC
                0x080003c0                DebugMon_Handler
                0x080003c0                Vector5C
                0x080003c0                Vector11C
                0x080003c0                HardFault_Handler
                0x080003c0                Vector19C
                0x080003c0                Vector8C
                0x080003c0                VectorDC
                0x080003c0                PendSV_Handler
                0x080003c0                Vector168
                0x080003c0                NMI_Handler
                0x080003c0                Vector110
                0x080003c0                VectorC8
                0x080003c0                Vector94
                0x080003c0                VectorA8
                0x080003c0                VectorB4
                0x080003c0                Vector160
                0x080003c0                UsageFault_Handler
                0x080003c0                VectorEC
                0x080003c0                Vector40
                0x080003c0                VectorF8
                0x080003c0                Vector108
                0x080003c0                VectorBC
                0x080003c0                Vector190
                0x080003c0                Vector148
                0x080003c0                Vector188
                0x080003c0                Vector198
                0x080003c0                Vector118
                0x080003c0                Vector64
                0x080003c0                VectorCC
                0x080003c0                Vector54
                0x080003c0                Vector98
                0x080003c0                VectorD8
                0x080003c0                Vector138
                0x080003c0                Vector24
                0x080003c0                Vector178
                0x080003c0                VectorD0
                0x080003c0                Vector140
                0x080003c0                VectorE4
                0x080003c0                VectorC0
                0x080003c0                Vector158
                0x080003c0                Vector134
                0x080003c0                VectorF0
                0x080003c0                Vector13C
                0x080003c0                Vector100
                0x080003c0                VectorE0
                0x080003c0                VectorF4
                0x080003c0                MemManage_Handler
                0x080003c0                VectorA0
                0x080003c0                VectorC4
                0x080003c0                Vector180
                0x080003c0                VectorB0
                0x080003c0                Vector90
                0x080003c0                Vector164
                0x080003c0                Vector60
                0x080003c0                Vector1C
                0x080003c0                Vector17C
                0x080003c0                Vector48
                0x080003c0                Vector16C
                0x080003c0                VectorD4
                0x080003c0                Vector4C
                0x080003c0                Vector144
                0x080003c0                Vector15C
                0x080003c0                Vector68
                0x080003c0                _unhandled_exception
                0x080003c0                Vector170
                0x080003c0                Vector88
                0x080003c0                Vector104
                0x080003c0                Vector184
                0x080003c0                Vector10C
                0x080003c0                BusFault_Handler
                0x080003c0                Vector50
                0x080003c0                Vector194
                0x080003c0                Vector44
                0x080003c0                Vector28
                0x080003c0                VectorB8
                0x080003c0                VectorFC
                0x080003c0                Vector34
                0x080003c0                VectorA4
                0x080003c0                Vector20
                0x080003c0                Vector18C
                0x080003c0                Vector174
 .text          0x080003d0      0x590 build/obj/chsys.o
                0x080006a0                chSysInit
                0x08000720                chSysHalt
                0x08000740                chSysIntegrityCheckI
                0x08000850                chSysTimerHandlerI
                0x08000880                chSysGetStatusAndLockX
                0x080008c0                chSysRestoreStatusX
                0x080008f0                chSysIsCounterWithinX
                0x08000920                chSysPolledDelayX
 .text          0x08000960        0x0 build/obj/chdebug.o
 .text          0x08000960       0xf0 build/obj/chvt.o
                0x08000960                _vt_init
                0x08000990                chVTDoSetI
                0x08000a10                chVTDoResetI
 .text          0x08000a50      0x470 build/obj/chschd.o
                0x08000b80                _scheduler_init
                0x08000ba0                chSchReadyI
                0x08000bf0                chSchGoSleepS
                0x08000cc0                chSchGoSleepTimeoutS
                0x08000d30                chSchWakeupS
                0x08000d80                chSchRescheduleS
                0x08000da0                chSchIsPreemptionRequired
                0x08000df0                chSchDoRescheduleBehind
                0x08000e30                chSchDoRescheduleAhead
                0x08000ea0                chSchDoReschedule
 .text          0x08000ec0      0x720 build/obj/chthreads.o
                0x08001110                _thread_init
                0x08001190                chThdCreateI
                0x080011e0                chThdCreateStatic
                0x08001220                chThdStart
                0x08001240                chThdSetPriority
                0x080012a0                chThdTerminate
                0x080012d0                chThdSleep
                0x080012f0                chThdSleepUntil
                0x08001320                chThdSleepUntilWindowed
                0x08001360                chThdYield
                0x08001370                chThdExit
                0x08001390                chThdExitS
                0x08001400                chThdWait
                0x08001450                chThdSuspendS
                0x08001480                chThdSuspendTimeoutS
                0x080014c0                chThdResumeI
                0x080014f0                chThdResumeS
                0x08001520                chThdResume
                0x08001540                chThdEnqueueTimeoutS
                0x08001580                chThdDequeueNextI
                0x080015b0                chThdDequeueAllI
 .text          0x080015e0      0x170 build/obj/chtm.o
                0x08001660                _tm_init
                0x080016a0                chTMObjectInit
                0x080016d0                chTMStartMeasurementX
                0x080016f0                chTMStopMeasurementX
                0x08001720                chTMChainMeasurementToX
 .text          0x08001750      0x1c0 build/obj/chdynamic.o
                0x08001790                chThdAddRef
                0x080017c0                chThdRelease
                0x08001850                chThdCreateFromHeap
                0x080018b0                chThdCreateFromMemoryPool
 .text          0x08001910       0xc0 build/obj/chregistry.o
                0x08001950                chRegFirstThread
                0x08001980                chRegNextThread
 .text          0x080019d0      0x3e0 build/obj/chsem.o
                0x08001ac0                chSemObjectInit
                0x08001ae0                chSemReset
                0x08001b10                chSemResetI
                0x08001b50                chSemWait
                0x08001b70                chSemWaitS
                0x08001bc0                chSemWaitTimeout
                0x08001bf0                chSemWaitTimeoutS
                0x08001c50                chSemSignal
                0x08001c90                chSemSignalI
                0x08001cd0                chSemAddCounterI
                0x08001d20                chSemSignalWait
 .text          0x08001db0      0x480 build/obj/chmtx.o
                0x08001ef0                chMtxObjectInit
                0x08001f10                chMtxLock
                0x08001f30                chMtxLockS
                0x08001ff0                chMtxTryLock
                0x08002020                chMtxTryLockS
                0x08002060                chMtxUnlock
                0x08002110                chMtxUnlockS
                0x080021b0                chMtxUnlockAll
 .text          0x08002230      0x300 build/obj/chcond.o
                0x08002350                chCondObjectInit
                0x08002370                chCondSignal
                0x080023b0                chCondSignalI
                0x080023e0                chCondBroadcast
                0x08002400                chCondBroadcastI
                0x08002440                chCondWait
                0x08002460                chCondWaitS
                0x080024b0                chCondWaitTimeout
                0x080024e0                chCondWaitTimeoutS
 .text          0x08002530      0x590 build/obj/chevents.o
                0x08002570                chEvtRegisterMaskWithFlags
                0x080025c0                chEvtUnregister
                0x08002600                chEvtGetAndClearEvents
                0x08002640                chEvtAddEvents
                0x08002680                chEvtBroadcastFlagsI
                0x080026e0                chEvtGetAndClearFlags
                0x08002710                chEvtSignal
                0x08002740                chEvtSignalI
                0x080027a0                chEvtBroadcastFlags
                0x080027d0                chEvtGetAndClearFlagsI
                0x080027f0                chEvtDispatch
                0x08002840                chEvtWaitOne
                0x080028a0                chEvtWaitAny
                0x08002900                chEvtWaitAll
                0x08002950                chEvtWaitOneTimeout
                0x080029d0                chEvtWaitAnyTimeout
                0x08002a50                chEvtWaitAllTimeout
 .text          0x08002ac0      0x1b0 build/obj/chmsg.o
                0x08002ba0                chMsgSend
                0x08002c00                chMsgWait
                0x08002c50                chMsgRelease
 .text          0x08002c70      0x410 build/obj/chmboxes.o
                0x08002ce0                chMBObjectInit
                0x08002d30                chMBReset
                0x08002d50                chMBResetI
                0x08002da0                chMBPost
                0x08002dd0                chMBPostS
                0x08002e30                chMBPostI
                0x08002e90                chMBPostAhead
                0x08002ec0                chMBPostAheadS
                0x08002f20                chMBPostAheadI
                0x08002f90                chMBFetch
                0x08002fc0                chMBFetchS
                0x08003020                chMBFetchI
 .text          0x08003080      0x570 build/obj/chqueues.o
                0x080031a0                chIQObjectInit
                0x080031f0                chIQResetI
                0x08003220                chIQPutI
                0x08003280                chIQGetTimeout
                0x08003310                chIQReadTimeout
                0x080033c0                chOQObjectInit
                0x08003410                chOQResetI
                0x08003450                chOQPutTimeout
                0x080034e0                chOQGetI
                0x08003540                chOQWriteTimeout
 .text          0x080035f0      0x100 build/obj/chmemcore.o
                0x08003630                _core_init
                0x08003660                chCoreAlloc
                0x08003680                chCoreAllocI
                0x080036d0                chCoreGetStatusX
 .text          0x080036f0      0x2a0 build/obj/chheap.o
                0x080036f0                _heap_init
                0x08003720                chHeapObjectInit
                0x08003760                chHeapAlloc
                0x08003850                chHeapFree
                0x08003920                chHeapStatus
 .text          0x08003990      0x150 build/obj/chmempools.o
                0x080039f0                chPoolObjectInit
                0x08003a10                chPoolLoadArray
                0x08003a40                chPoolAllocI
                0x08003a80                chPoolAlloc
                0x08003aa0                chPoolFreeI
                0x08003ac0                chPoolFree
 .text          0x08003ae0        0x0 build/obj/chcore.o
 .text          0x08003ae0       0xe0 build/obj/chcore_v7m.o
                0x08003b20                SVC_Handler
                0x08003b50                _port_irq_epilogue
 .text          0x08003bc0       0x40 build/obj/osal.o
                0x08003bc0                Osal_MemCpy
                0x08003be0                Osal_MemSet
 .text          0x08003c00       0x40 build/obj/hal.o
                0x08003c10                halInit
 .text          0x08003c40       0xc0 build/obj/st.o
                0x08003c90                stInit
                0x08003ca0                stStartAlarm
                0x08003cc0                stStopAlarm
                0x08003cd0                stSetAlarm
                0x08003cf0                stGetAlarm
 .text          0x08003d00      0x9b0 build/obj/hal_buffers.o
                0x08003e40                ibqObjectInit
                0x08003eb0                ibqResetI
                0x08003ef0                ibqGetEmptyBufferI
                0x08003f30                ibqPostFullBufferI
                0x08003f80                ibqGetFullBufferTimeout
                0x08003fb0                ibqGetFullBufferTimeoutS
                0x08004000                ibqReleaseEmptyBuffer
                0x08004020                ibqReleaseEmptyBufferS
                0x08004070                ibqGetTimeout
                0x080040d0                ibqReadTimeout
                0x080041f0                obqObjectInit
                0x08004260                obqResetI
                0x080042a0                obqGetFullBufferI
                0x080042f0                obqReleaseEmptyBufferI
                0x08004340                obqGetEmptyBufferTimeout
                0x08004370                obqGetEmptyBufferTimeoutS
                0x080043c0                obqPostFullBuffer
                0x080043e0                obqPostFullBufferS
                0x08004440                obqPutTimeout
                0x080044b0                obqWriteTimeout
                0x080045e0                obqTryFlushI
                0x08004670                obqFlush
 .text          0x080046b0        0x0 build/obj/hal_queues.o
 .text          0x080046b0      0x950 build/obj/hal_mmcsd.o
                0x080046b0                _mmcsd_get_slice
                0x08004730                _mmcsd_get_capacity
                0x080047a0                _mmcsd_get_capacity_ext
                0x080047d0                _mmcsd_unpack_sdc_cid
                0x080048e0                _mmcsd_unpack_mmc_cid
                0x08004a00                _mmcsd_unpack_csd_mmc
                0x08004c50                _mmcsd_unpack_csd_v10
                0x08004e30                _mmcsd_unpack_csd_v20
 .text          0x08005000      0xb40 build/obj/mmc_spi.o
                0x080054d0                mmcInit
                0x080054e0                mmcObjectInit
                0x08005510                mmcStart
                0x08005530                mmcStop
                0x08005550                mmcConnect
                0x08005700                mmcDisconnect
                0x08005760                mmcStartSequentialRead
                0x080057e0                mmcSequentialRead
                0x08005870                mmcStopSequentialRead
                0x080058c0                mmcStartSequentialWrite
                0x08005940                mmcSequentialWrite
                0x080059e0                mmcStopSequentialWrite
                0x08005a30                mmcSync
                0x08005a80                mmcGetInfo
                0x08005ab0                mmcErase
 .text          0x08005b40       0x90 build/obj/pal.o
                0x08005b40                palReadBus
                0x08005b60                palWriteBus
                0x08005ba0                palSetBusMode
 .text          0x08005bd0      0x430 build/obj/serial.o
                0x08005e30                sdInit
                0x08005e40                sdObjectInit
                0x08005ea0                sdStart
                0x08005ed0                sdStop
                0x08005f10                sdIncomingDataI
                0x08005f70                sdRequestDataI
                0x08005fa0                sdPutWouldBlock
                0x08005fd0                sdGetWouldBlock
 .text          0x08006000      0x3a0 build/obj/spi.o
                0x080060e0                spiInit
                0x080060f0                spiObjectInit
                0x08006120                spiStart
                0x08006150                spiStop
                0x08006170                spiSelect
                0x08006190                spiUnselect
                0x080061b0                spiStartIgnore
                0x080061e0                spiStartExchange
                0x08006210                spiStartSend
                0x08006240                spiStartReceive
                0x08006270                spiIgnore
                0x080062a0                spiExchange
                0x080062e0                spiSend
                0x08006320                spiReceive
                0x08006360                spiAcquireBus
                0x08006380                spiReleaseBus
 .text          0x080063a0      0xc20 build/obj/usb.o
                0x080068c0                usbInit
                0x080068d0                usbObjectInit
                0x08006920                usbStart
                0x08006970                usbStop
                0x080069c0                usbInitEndpointI
                0x08006a20                usbDisableEndpointsI
                0x08006a70                usbStartReceiveI
                0x08006ad0                usbStartTransmitI
                0x08006b30                usbStallReceiveI
                0x08006b70                usbStallTransmitI
                0x08006bb0                _usb_reset
                0x08006c30                _usb_suspend
                0x08006c70                _usb_wakeup
                0x08006ca0                _usb_ep0setup
                0x08006e00                _usb_ep0in
                0x08006f00                _usb_ep0out
 .text          0x08006fc0       0xe0 build/obj/nvic.o
                0x08006fc0                nvicEnableVector
                0x08007010                nvicDisableVector
                0x08007050                nvicSetSystemHandlerPriority
                0x08007070                nvicClearPending
 .text          0x080070a0      0x2c0 build/obj/hal_lld.o
                0x08007110                hal_lld_init
                0x080071c0                stm32_clock_init
 .text          0x08007360      0x800 build/obj/stm32_dma.o
                0x08007360                Vector6C
                0x080073d0                Vector70
                0x08007440                Vector74
                0x080074b0                Vector78
                0x08007520                Vector7C
                0x08007590                Vector80
                0x08007600                Vector84
                0x08007670                Vector120
                0x080076e0                Vector124
                0x08007750                Vector128
                0x080077c0                Vector12C
                0x08007830                Vector130
                0x080078a0                Vector150
                0x08007910                Vector154
                0x08007980                dmaInit
                0x080079e0                dmaStreamAllocate
                0x08007ac0                dmaStreamRelease
 .text          0x08007b60       0xe0 build/obj/st_lld.o
                0x08007bf0                SysTick_Handler
                0x08007c10                st_lld_init
 .text          0x08007c40      0x2b0 build/obj/pal_lld.o
                0x08007ca0                _pal_lld_init
                0x08007d40                _pal_lld_setgroupmode
 .text          0x08007ef0     0x1720 build/obj/usb_lld.o
                0x08008b00                Vector14C
                0x08008b20                usb_lld_init
                0x08008b50                usb_lld_start
                0x08008c70                usb_lld_stop
                0x08008cd0                usb_lld_reset
                0x08008e00                usb_lld_set_address
                0x08008e30                usb_lld_init_endpoint
                0x08009090                usb_lld_disable_endpoints
                0x080090b0                usb_lld_get_status_out
                0x080090f0                usb_lld_get_status_in
                0x08009130                usb_lld_read_setup
                0x08009160                usb_lld_start_out
                0x080092a0                usb_lld_start_in
                0x08009400                usb_lld_stall_out
                0x08009440                usb_lld_stall_in
                0x08009480                usb_lld_clear_out
                0x080094c0                usb_lld_clear_in
                0x08009500                usb_lld_pump
 .text          0x08009610      0x9c0 build/obj/spi_lld.o
                0x080097e0                spi_lld_init
                0x08009860                spi_lld_start
                0x080099c0                spi_lld_stop
                0x08009a30                spi_lld_select
                0x08009a50                spi_lld_unselect
                0x08009a70                spi_lld_ignore
                0x08009b70                spi_lld_exchange
                0x08009c80                spi_lld_send
                0x08009d80                spi_lld_receive
                0x08009e80                spi_lld_polled_exchange
                0x08009ef0                spi_lld_polled_tx
                0x08009f50                spi_lld_polled_rx
 .text          0x08009fd0      0x3d0 build/obj/serial_lld.o
                0x0800a2b0                Vector114
                0x0800a2d0                sd_lld_init
                0x0800a310                sd_lld_start
                0x0800a360                sd_lld_stop
 .text          0x0800a3a0       0x40 build/obj/board.o
                0x0800a3a0                __early_init
                0x0800a3b0                mmc_lld_is_card_inserted
                0x0800a3c0                mmc_lld_is_write_protected
                0x0800a3d0                boardInit
 .text          0x0800a3e0      0x7c0 build/obj/test.o
                0x0800a550                test_printn
                0x0800a5e0                test_print
                0x0800a620                test_println
                0x0800a6a0                test_emit_token
                0x0800a6d0                _test_fail
                0x0800a700                _test_assert
                0x0800a730                _test_assert_sequence
                0x0800a790                _test_assert_time_window
                0x0800a7c0                test_terminate_threads
                0x0800a800                test_wait_threads
                0x0800a850                test_wait_tick
                0x0800a890                test_start_timer
                0x0800a990                TestThread
 .text          0x0800aba0      0x560 build/obj/testthd.o
 .text          0x0800b100      0x800 build/obj/testsem.o
 .text          0x0800b900      0xa80 build/obj/testmtx.o
 .text          0x0800c380      0x110 build/obj/testmsg.o
 .text          0x0800c490      0x8d0 build/obj/testmbox.o
 .text          0x0800cd60      0x700 build/obj/testevt.o
 .text          0x0800d460      0x300 build/obj/testheap.o
 .text          0x0800d760      0x150 build/obj/testpools.o
 .text          0x0800d8b0      0x570 build/obj/testdyn.o
 .text          0x0800de20      0x7f0 build/obj/testqueues.o
 .text          0x0800e610      0x450 build/obj/testsys.o
 .text          0x0800ea60      0xba0 build/obj/testbmk.o
 .text          0x0800f600      0x200 build/obj/evtimer.o
                0x0800f7a0                evtObjectInit
                0x0800f7d0                evtStart
 .text          0x0800f800      0x180 build/obj/memstreams.o
                0x0800f950                msObjectInit
 .text          0x0800f980      0x5b0 build/obj/chprintf.o
                0x0800fa40                chvprintf
                0x0800fea0                chprintf
                0x0800fed0                chsnprintf
 .text          0x0800ff30      0x600 build/obj/shell.o
                0x080103b0                shellInit
                0x080103c0                shellExit
                0x080103e0                shellCreate
                0x08010410                shellCreateStatic
                0x08010440                shellGetLine
 .text          0x08010530       0x70 build/obj/AudioBV_Manager.o
                0x08010530                AudioBV_License_init
                0x08010550                AudioBV_Manager_init
                0x08010590                AudioProcess_BV
 .text          0x080105a0       0xc0 build/obj/MotionCP_Manager.o
                0x080105a0                MotionCP_manager_run
                0x08010610                MotionCP_License_init
                0x08010630                MotionCP_manager_init
 .text          0x08010660       0xc0 build/obj/MotionGR_Manager.o
                0x08010660                MotionGR_manager_run
                0x080106d0                MotionGR_License_init
                0x080106f0                MotionGR_manager_init
 .text          0x08010720      0x6f0 build/obj/HWAdvanceFeatures.o
                0x08010720                InitHWFeatures
                0x08010740                DisableHWFeatures
                0x080107c0                EnableHWOrientation6D
                0x08010800                DisableHWOrientation6D
                0x08010850                GetHWOrientation6D
                0x08010a50                EnableHWTilt
                0x08010a90                DisableHWTilt
                0x08010ae0                EnableHWWakeUp
                0x08010b20                DisableHWWakeUp
                0x08010b70                EnableHWFreeFall
                0x08010bb0                DisableHWFreeFall
                0x08010c00                EnableHWDoubleTap
                0x08010c40                DisableHWDoubleTap
                0x08010c90                EnableHWSingleTap
                0x08010cd0                DisableHWSingleTap
                0x08010d20                EnableHWPedometer
                0x08010d60                DisableHWPedometer
                0x08010db0                ResetHWPedometer
                0x08010dd0                GetStepHWPedometer
 .text          0x08010e10       0xc0 build/obj/MotionAR_Manager.o
                0x08010e10                MotionAR_manager_run
                0x08010e80                MotionAR_License_init
                0x08010ea0                MotionAR_manager_init
 .text          0x08010ed0      0x1d0 build/obj/stm32l4xx_hal_msp.o
                0x08010ed0                HAL_PCD_MspInit
                0x08010f50                HAL_PCD_MspDeInit
                0x08010f80                HAL_TIM_Base_MspInit
                0x08011000                HAL_TIM_OC_MspInit
                0x08011040                HAL_CRC_MspInit
                0x08011070                HAL_CRC_MspDeInit
 .text          0x080110a0      0x2f0 build/obj/OTA.o
                0x080110a0                UpdateFWBlueMS
                0x08011210                StartUpdateFWBlueMS
 .text          0x08011390      0x460 build/obj/TargetPlatform.o
                0x08011390                InitTargetPlatform
                0x08011570                InitMics
                0x080115a0                DeInitMics
                0x080115d0                LedOnTargetPlatform
                0x080115f0                LedOffTargetPlatform
                0x08011610                LedToggleTargetPlatform
                0x08011730                UserFunctionForErasingFlash
                0x08011790                UserFunctionForSavingFlash
 .text          0x080117f0      0x520 build/obj/usbd_conf.o
                0x080117f0                HAL_PCD_SetupStageCallback
                0x08011810                HAL_PCD_DataOutStageCallback
                0x08011850                HAL_PCD_DataInStageCallback
                0x08011890                HAL_PCD_SOFCallback
                0x080118b0                HAL_PCD_ResetCallback
                0x080118e0                HAL_PCD_SuspendCallback
                0x08011900                HAL_PCD_ResumeCallback
                0x08011920                HAL_PCD_ISOOUTIncompleteCallback
                0x08011950                HAL_PCD_ISOINIncompleteCallback
                0x08011980                HAL_PCD_ConnectCallback
                0x080119a0                HAL_PCD_DisconnectCallback
                0x080119c0                USBD_LL_Init
                0x08011a50                USBD_LL_DeInit
                0x08011a70                USBD_LL_Start
                0x08011a90                USBD_LL_Stop
                0x08011ab0                USBD_LL_OpenEP
                0x08011af0                USBD_LL_CloseEP
                0x08011b20                USBD_LL_FlushEP
                0x08011b50                USBD_LL_StallEP
                0x08011b80                USBD_LL_ClearStallEP
                0x08011bb0                USBD_LL_IsStallEP
                0x08011c10                USBD_LL_SetUSBAddress
                0x08011c40                USBD_LL_Transmit
                0x08011c80                USBD_LL_PrepareReceive
                0x08011cc0                USBD_LL_GetRxDataSize
                0x08011cf0                USBD_LL_Delay
 .text          0x08011d10     0x3f20 build/obj/sensor_service.o
                0x08011d10                safe_aci_gatt_update_char_value
                0x08011d80                Add_ConfigW2ST_Service
                0x08011ec0                Add_ConsoleW2ST_Service
                0x080120a0                Stderr_Update
                0x08012160                Term_Update
                0x08012310                Quat_Update
                0x080124a0                ECompass_Update
                0x08012570                ActivityRec_Update
                0x08012640                CarryPosRec_Update
                0x08012710                GestureRec_Update
                0x080127e0                Config_Notify
                0x080128e0                AccEvent_Notify
                0x080129c0                Add_HW_SW_ServW2ST_Service
                0x080132e0                AccGyroMag_Update
                0x080134d0                Environmental_Update
                0x080136e0                AudioLevel_Update
                0x080137c0                GG_Update
                0x08013940                setConnectable
                0x08013c50                Read_Request_CB
                0x08014010                Attribute_Modified_CB
                0x08015b40                HCI_Event_CB
 .text          0x08015c30      0x8f0 build/obj/HTS221_Driver_HL.o
 .text          0x08016520        0x0 build/obj/usbd_cdc_interface.o
 .text          0x08016520     0x1330 build/obj/HTS221_Driver.o
                0x08016520                HTS221_ReadReg
                0x08016560                HTS221_WriteReg
                0x080165a0                HTS221_Get_DriverVersion
                0x080165c0                HTS221_Get_DeviceID
                0x080165f0                HTS221_Set_InitConfig
                0x08016870                HTS221_Get_InitConfig
                0x08016930                HTS221_DeInit
                0x080169a0                HTS221_Get_Measurement
                0x080169e0                HTS221_Get_RawMeasurement
                0x08016a40                HTS221_Get_Humidity
                0x08016bb0                HTS221_Get_HumidityRaw
                0x08016bf0                HTS221_Get_Temperature
                0x08016d60                HTS221_Get_TemperatureRaw
                0x08016da0                HTS221_Get_DataStatus
                0x08016df0                HTS221_Activate
                0x08016e40                HTS221_DeActivate
                0x08016e90                HTS221_IsMeasurementCompleted
                0x08016ee0                HTS221_Set_AvgHT
                0x08017000                HTS221_Set_AvgH
                0x080170c0                HTS221_Set_AvgT
                0x08017180                HTS221_Get_AvgHT
                0x080171d0                HTS221_Set_BduMode
                0x08017260                HTS221_Get_BduMode
                0x080172a0                HTS221_Set_PowerDownMode
                0x08017330                HTS221_Get_PowerDownMode
                0x08017370                HTS221_Set_Odr
                0x08017410                HTS221_Get_Odr
                0x08017450                HTS221_MemoryBoot
                0x080174a0                HTS221_Set_HeaterState
                0x08017530                HTS221_Get_HeaterState
                0x08017570                HTS221_StartOneShotMeasurement
                0x080175c0                HTS221_Set_IrqActiveLevel
                0x08017650                HTS221_Get_IrqActiveLevel
                0x08017690                HTS221_Set_IrqOutputType
                0x08017720                HTS221_Get_IrqOutputType
                0x08017760                HTS221_Set_IrqEnable
                0x080177f0                HTS221_Get_IrqEnable
                0x08017830                HTS221_assert_failed
 .text          0x08017850      0xed0 build/obj/LPS22HB_Driver_HL.o
 .text          0x08018720     0x1ab0 build/obj/LPS22HB_Driver.o
                0x08018720                LPS22HB_ReadReg
                0x08018760                LPS22HB_WriteReg
                0x080187a0                LPS22HB_Get_DeviceID
                0x080187d0                LPS22HB_Get_DriverVersion
                0x080187f0                LPS22HB_Set_PowerMode
                0x08018860                LPS22HB_Get_PowerMode
                0x080188a0                LPS22HB_Set_Odr
                0x08018910                LPS22HB_Get_Odr
                0x08018950                LPS22HB_Set_LowPassFilter
                0x080189c0                LPS22HB_Set_LowPassFilterCutoff
                0x08018a30                LPS22HB_Set_Bdu
                0x08018aa0                LPS22HB_Get_Bdu
                0x08018ae0                LPS22HB_Set_SpiInterface
                0x08018b50                LPS22HB_Set_ClockTreeConfifuration
                0x08018bc0                LPS22HB_Get_SpiInterface
                0x08018c00                LPS22HB_SwReset
                0x08018c50                LPS22HB_MemoryBoot
                0x08018ca0                LPS22HB_SwResetAndMemoryBoot
                0x08018cf0                LPS22HB_Set_FifoModeUse
                0x08018d60                LPS22HB_Set_FifoWatermarkLevelUse
                0x08018dd0                LPS22HB_Set_AutomaticIncrementRegAddress
                0x08018e40                LPS22HB_Set_I2C
                0x08018eb0                LPS22HB_StartOneShotMeasurement
                0x08018f00                LPS22HB_Set_InterruptActiveLevel
                0x08018f70                LPS22HB_Set_InterruptOutputType
                0x08018fe0                LPS22HB_Set_InterruptControlConfig
                0x08019050                LPS22HB_Set_DRDYInterrupt
                0x080190c0                LPS22HB_Set_FIFO_OVR_Interrupt
                0x08019130                LPS22HB_Set_FIFO_FTH_Interrupt
                0x080191a0                LPS22HB_Set_FIFO_FULL_Interrupt
                0x08019210                LPS22HB_Set_AutoRifP
                0x08019260                LPS22HB_ResetAutoRifP
                0x080192b0                LPS22HB_Set_AutoZeroFunction
                0x08019300                LPS22HB_ResetAutoZeroFunction
                0x08019350                LPS22HB_Set_InterruptDifferentialGeneration
                0x080193c0                LPS22HB_Get_InterruptDifferentialGeneration
                0x08019400                LPS22HB_LatchInterruptRequest
                0x08019470                LPS22HB_Set_PLE
                0x080194e0                LPS22HB_Set_PHE
                0x08019550                LPS22HB_Get_InterruptDifferentialEventStatus
                0x080195c0                LPS22HB_Get_DataStatus
                0x08019630                LPS22HB_Get_RawPressure
                0x080196b0                LPS22HB_Get_Pressure
                0x080196f0                LPS22HB_Get_RawTemperature
                0x08019740                LPS22HB_Get_Temperature
                0x08019790                LPS22HB_Get_PressureThreshold
                0x080197e0                LPS22HB_Set_PressureThreshold
                0x08019830                LPS22HB_Set_FifoMode
                0x080198a0                LPS22HB_Get_FifoMode
                0x080198e0                LPS22HB_Set_FifoWatermarkLevel
                0x08019950                LPS22HB_Get_FifoWatermarkLevel
                0x08019990                LPS22HB_Get_FifoStatus
                0x08019a10                LPS22HB_Get_PressureOffsetValue
                0x08019a70                LPS22HB_Get_ReferencePressure
                0x08019b10                LPS22HB_IsMeasurementCompleted
                0x08019b70                LPS22HB_Get_Measurement
                0x08019bc0                LPS22HB_Init
                0x08019c20                LPS22HB_DeInit
                0x08019c60                LPS22HB_Set_GenericConfig
                0x08019d10                LPS22HB_Get_GenericConfig
                0x08019dc0                LPS22HB_Set_InterruptConfig
                0x08019fc0                LPS22HB_Get_InterruptConfig
                0x0801a0a0                LPS22HB_Set_FifoConfig
                0x0801a160                LPS22HB_Get_FifoConfig
 .text          0x0801a1d0      0x630 build/obj/LSM303AGR_MAG_driver_HL.o
 .text          0x0801a800      0xcf0 build/obj/LSM303AGR_ACC_driver_HL.o
 .text          0x0801b4f0     0x1930 build/obj/LSM303AGR_MAG_driver.o
                0x0801b4f0                LSM303AGR_MAG_WriteReg
                0x0801b530                LSM303AGR_MAG_ReadReg
                0x0801b570                LSM303AGR_MAG_R_WHO_AM_I
                0x0801b5b0                LSM303AGR_MAG_W_BDU
                0x0801b620                LSM303AGR_MAG_R_BDU
                0x0801b660                LSM303AGR_MAG_W_MD
                0x0801b6d0                LSM303AGR_MAG_R_MD
                0x0801b710                LSM303AGR_MAG_Get_Raw_Magnetic
                0x0801b740                LSM303AGR_MAG_Get_Magnetic
                0x0801b7c0                LSM303AGR_MAG_W_ODR
                0x0801b830                LSM303AGR_MAG_R_ODR
                0x0801b870                LSM303AGR_MAG_W_OFF_X_L
                0x0801b8d0                LSM303AGR_MAG_R_OFF_X_L
                0x0801b910                LSM303AGR_MAG_W_OFF_X_H
                0x0801b970                LSM303AGR_MAG_R_OFF_X_H
                0x0801b9b0                LSM303AGR_MAG_W_OFF_Y_L
                0x0801ba10                LSM303AGR_MAG_R_OFF_Y_L
                0x0801ba50                LSM303AGR_MAG_W_OFF_Y_H
                0x0801bab0                LSM303AGR_MAG_R_OFF_Y_H
                0x0801baf0                LSM303AGR_MAG_W_OFF_Z_L
                0x0801bb50                LSM303AGR_MAG_R_OFF_Z_L
                0x0801bb90                LSM303AGR_MAG_W_OFF_Z_H
                0x0801bbf0                LSM303AGR_MAG_Get_MagOff
                0x0801bc90                LSM303AGR_MAG_Set_MagOff
                0x0801bd10                LSM303AGR_MAG_R_OFF_Z_H
                0x0801bd50                LSM303AGR_MAG_W_LP
                0x0801bdc0                LSM303AGR_MAG_R_LP
                0x0801be00                LSM303AGR_MAG_W_SOFT_RST
                0x0801be70                LSM303AGR_MAG_R_SOFT_RST
                0x0801beb0                LSM303AGR_MAG_W_LPF
                0x0801bf20                LSM303AGR_MAG_R_LPF
                0x0801bf60                LSM303AGR_MAG_W_OFF_CANC
                0x0801bfd0                LSM303AGR_MAG_R_OFF_CANC
                0x0801c010                LSM303AGR_MAG_W_SET_FREQ
                0x0801c080                LSM303AGR_MAG_R_SET_FREQ
                0x0801c0c0                LSM303AGR_MAG_W_INT_ON_DATAOFF
                0x0801c130                LSM303AGR_MAG_R_INT_ON_DATAOFF
                0x0801c170                LSM303AGR_MAG_W_INT_MAG
                0x0801c1e0                LSM303AGR_MAG_R_INT_MAG
                0x0801c220                LSM303AGR_MAG_W_ST
                0x0801c290                LSM303AGR_MAG_R_ST
                0x0801c2d0                LSM303AGR_MAG_W_BLE
                0x0801c340                LSM303AGR_MAG_R_BLE
                0x0801c380                LSM303AGR_MAG_W_I2C_DIS
                0x0801c3f0                LSM303AGR_MAG_R_I2C_DIS
                0x0801c430                LSM303AGR_MAG_W_INT_MAG_PIN
                0x0801c4a0                LSM303AGR_MAG_R_INT_MAG_PIN
                0x0801c4e0                LSM303AGR_MAG_W_IEN
                0x0801c550                LSM303AGR_MAG_R_IEN
                0x0801c590                LSM303AGR_MAG_W_IEL
                0x0801c600                LSM303AGR_MAG_R_IEL
                0x0801c640                LSM303AGR_MAG_W_IEA
                0x0801c6b0                LSM303AGR_MAG_R_IEA
                0x0801c6f0                LSM303AGR_MAG_W_ZIEN
                0x0801c760                LSM303AGR_MAG_R_ZIEN
                0x0801c7a0                LSM303AGR_MAG_W_YIEN
                0x0801c810                LSM303AGR_MAG_R_YIEN
                0x0801c850                LSM303AGR_MAG_W_XIEN
                0x0801c8c0                LSM303AGR_MAG_R_XIEN
                0x0801c900                LSM303AGR_MAG_R_INT
                0x0801c940                LSM303AGR_MAG_R_MROI
                0x0801c980                LSM303AGR_MAG_R_N_TH_S_Z
                0x0801c9c0                LSM303AGR_MAG_R_N_TH_S_Y
                0x0801ca00                LSM303AGR_MAG_R_N_TH_S_X
                0x0801ca40                LSM303AGR_MAG_R_P_TH_S_Z
                0x0801ca80                LSM303AGR_MAG_R_P_TH_S_Y
                0x0801cac0                LSM303AGR_MAG_R_P_TH_S_X
                0x0801cb00                LSM303AGR_MAG_R_XDA
                0x0801cb40                LSM303AGR_MAG_R_YDA
                0x0801cb80                LSM303AGR_MAG_R_ZDA
                0x0801cbc0                LSM303AGR_MAG_R_ZYXDA
                0x0801cc00                LSM303AGR_MAG_R_XOR
                0x0801cc40                LSM303AGR_MAG_R_YOR
                0x0801cc80                LSM303AGR_MAG_R_ZOR
                0x0801ccc0                LSM303AGR_MAG_R_ZYXOR
                0x0801cd00                LSM303AGR_MAG_Get_IntThreshld
                0x0801cd90                LSM303AGR_MAG_Set_IntThreshld
 .text          0x0801ce20     0x3fd0 build/obj/LSM303AGR_ACC_driver.o
                0x0801ce20                LSM303AGR_ACC_WriteReg
                0x0801ce60                LSM303AGR_ACC_ReadReg
                0x0801cea0                LSM303AGR_ACC_R_WHO_AM_I
                0x0801cee0                LSM303AGR_ACC_W_BlockDataUpdate
                0x0801cf50                LSM303AGR_ACC_R_BlockDataUpdate
                0x0801cf90                LSM303AGR_ACC_W_FullScale
                0x0801d000                LSM303AGR_ACC_R_FullScale
                0x0801d040                LSM303AGR_ACC_Get_Raw_Acceleration
                0x0801d070                LSM303AGR_ACC_Get_Acceleration
                0x0801d280                LSM303AGR_ACC_W_ODR
                0x0801d2f0                LSM303AGR_ACC_R_ODR
                0x0801d330                LSM303AGR_ACC_R_x_data_avail
                0x0801d370                LSM303AGR_ACC_R_y_data_avail
                0x0801d3b0                LSM303AGR_ACC_R_z_data_avail
                0x0801d3f0                LSM303AGR_ACC_R_xyz_data_avail
                0x0801d430                LSM303AGR_ACC_R_DataXOverrun
                0x0801d470                LSM303AGR_ACC_R_DataYOverrun
                0x0801d4b0                LSM303AGR_ACC_R_DataZOverrun
                0x0801d4f0                LSM303AGR_ACC_R_DataXYZOverrun
                0x0801d530                LSM303AGR_ACC_R_int_counter
                0x0801d570                LSM303AGR_ACC_W_TEMP_EN_bits
                0x0801d5e0                LSM303AGR_ACC_R_TEMP_EN_bits
                0x0801d620                LSM303AGR_ACC_W_ADC_PD
                0x0801d690                LSM303AGR_ACC_R_ADC_PD
                0x0801d6d0                LSM303AGR_ACC_W_XEN
                0x0801d740                LSM303AGR_ACC_R_XEN
                0x0801d780                LSM303AGR_ACC_W_YEN
                0x0801d7f0                LSM303AGR_ACC_R_YEN
                0x0801d830                LSM303AGR_ACC_W_ZEN
                0x0801d8a0                LSM303AGR_ACC_R_ZEN
                0x0801d8e0                LSM303AGR_ACC_W_LOWPWR_EN
                0x0801d950                LSM303AGR_ACC_R_LOWPWR_EN
                0x0801d990                LSM303AGR_ACC_W_hpf_aoi_en_int1
                0x0801da00                LSM303AGR_ACC_R_hpf_aoi_en_int1
                0x0801da40                LSM303AGR_ACC_W_hpf_aoi_en_int2
                0x0801dab0                LSM303AGR_ACC_R_hpf_aoi_en_int2
                0x0801daf0                LSM303AGR_ACC_W_hpf_click_en
                0x0801db60                LSM303AGR_ACC_R_hpf_click_en
                0x0801dba0                LSM303AGR_ACC_W_Data_Filter
                0x0801dc10                LSM303AGR_ACC_R_Data_Filter
                0x0801dc50                LSM303AGR_ACC_W_hpf_cutoff_freq
                0x0801dcc0                LSM303AGR_ACC_R_hpf_cutoff_freq
                0x0801dd00                LSM303AGR_ACC_W_hpf_mode
                0x0801dd70                LSM303AGR_ACC_R_hpf_mode
                0x0801ddb0                LSM303AGR_ACC_W_FIFO_Overrun_on_INT1
                0x0801de20                LSM303AGR_ACC_R_FIFO_Overrun_on_INT1
                0x0801de60                LSM303AGR_ACC_W_FIFO_Watermark_on_INT1
                0x0801ded0                LSM303AGR_ACC_R_FIFO_Watermark_on_INT1
                0x0801df10                LSM303AGR_ACC_W_FIFO_DRDY2_on_INT1
                0x0801df80                LSM303AGR_ACC_R_FIFO_DRDY2_on_INT1
                0x0801dfc0                LSM303AGR_ACC_W_FIFO_DRDY1_on_INT1
                0x0801e030                LSM303AGR_ACC_R_FIFO_DRDY1_on_INT1
                0x0801e070                LSM303AGR_ACC_W_FIFO_AOL2_on_INT1
                0x0801e0e0                LSM303AGR_ACC_R_FIFO_AOL2_on_INT1
                0x0801e120                LSM303AGR_ACC_W_FIFO_AOL1_on_INT1
                0x0801e190                LSM303AGR_ACC_R_FIFO_AOL1_on_INT1
                0x0801e1d0                LSM303AGR_ACC_W_FIFO_Click_on_INT1
                0x0801e240                LSM303AGR_ACC_R_FIFO_Click_on_INT1
                0x0801e280                LSM303AGR_ACC_W_SPI_mode
                0x0801e2f0                LSM303AGR_ACC_R_SPI_mode
                0x0801e330                LSM303AGR_ACC_W_SelfTest
                0x0801e3a0                LSM303AGR_ACC_R_SelfTest
                0x0801e3e0                LSM303AGR_ACC_W_HiRes
                0x0801e450                LSM303AGR_ACC_R_HiRes
                0x0801e490                LSM303AGR_ACC_W_LittleBigEndian
                0x0801e500                LSM303AGR_ACC_R_LittleBigEndian
                0x0801e540                LSM303AGR_ACC_W_4D_on_INT2
                0x0801e5b0                LSM303AGR_ACC_R_4D_on_INT2
                0x0801e5f0                LSM303AGR_ACC_W_LatchInterrupt_on_INT2
                0x0801e660                LSM303AGR_ACC_R_LatchInterrupt_on_INT2
                0x0801e6a0                LSM303AGR_ACC_W_4D_on_INT1
                0x0801e710                LSM303AGR_ACC_R_4D_on_INT1
                0x0801e750                LSM303AGR_ACC_W_LatchInterrupt_on_INT1
                0x0801e7c0                LSM303AGR_ACC_R_LatchInterrupt_on_INT1
                0x0801e800                LSM303AGR_ACC_W_FIFO_EN
                0x0801e870                LSM303AGR_ACC_R_FIFO_EN
                0x0801e8b0                LSM303AGR_ACC_W_RebootMemory
                0x0801e920                LSM303AGR_ACC_R_RebootMemory
                0x0801e960                LSM303AGR_ACC_W_IntActive
                0x0801e9d0                LSM303AGR_ACC_R_IntActive
                0x0801ea10                LSM303AGR_ACC_W_P2_ACT
                0x0801ea80                LSM303AGR_ACC_R_P2_ACT
                0x0801eac0                LSM303AGR_ACC_W_Boot_on_INT2
                0x0801eb30                LSM303AGR_ACC_R_Boot_on_INT2
                0x0801eb70                LSM303AGR_ACC_W_I2_on_INT2
                0x0801ebe0                LSM303AGR_ACC_R_I2_on_INT2
                0x0801ec20                LSM303AGR_ACC_W_I2_on_INT1
                0x0801ec90                LSM303AGR_ACC_R_I2_on_INT1
                0x0801ecd0                LSM303AGR_ACC_W_Click_on_INT2
                0x0801ed40                LSM303AGR_ACC_R_Click_on_INT2
                0x0801ed80                LSM303AGR_ACC_W_ReferenceVal
                0x0801ede0                LSM303AGR_ACC_R_ReferenceVal
                0x0801ee20                LSM303AGR_ACC_R_XDataAvail
                0x0801ee60                LSM303AGR_ACC_R_YDataAvail
                0x0801eea0                LSM303AGR_ACC_R_ZDataAvail
                0x0801eee0                LSM303AGR_ACC_R_XYZDataAvail
                0x0801ef20                LSM303AGR_ACC_R_XDataOverrun
                0x0801ef60                LSM303AGR_ACC_R_YDataOverrun
                0x0801efa0                LSM303AGR_ACC_R_ZDataOverrun
                0x0801efe0                LSM303AGR_ACC_R_XYZDataOverrun
                0x0801f020                LSM303AGR_ACC_W_FifoThreshold
                0x0801f0a0                LSM303AGR_ACC_R_FifoThreshold
                0x0801f0e0                LSM303AGR_ACC_W_TriggerSel
                0x0801f150                LSM303AGR_ACC_R_TriggerSel
                0x0801f190                LSM303AGR_ACC_W_FifoMode
                0x0801f200                LSM303AGR_ACC_R_FifoMode
                0x0801f240                LSM303AGR_ACC_R_FifoSamplesAvail
                0x0801f280                LSM303AGR_ACC_R_FifoEmpty
                0x0801f2c0                LSM303AGR_ACC_R_FifoOverrun
                0x0801f300                LSM303AGR_ACC_R_WatermarkLevel
                0x0801f340                LSM303AGR_ACC_W_Int1EnXLo
                0x0801f3b0                LSM303AGR_ACC_R_Int1EnXLo
                0x0801f3f0                LSM303AGR_ACC_W_Int1EnXHi
                0x0801f460                LSM303AGR_ACC_R_Int1EnXHi
                0x0801f4a0                LSM303AGR_ACC_W_Int1EnYLo
                0x0801f510                LSM303AGR_ACC_R_Int1EnYLo
                0x0801f550                LSM303AGR_ACC_W_Int1EnYHi
                0x0801f5c0                LSM303AGR_ACC_R_Int1EnYHi
                0x0801f600                LSM303AGR_ACC_W_Int1EnZLo
                0x0801f670                LSM303AGR_ACC_R_Int1EnZLo
                0x0801f6b0                LSM303AGR_ACC_W_Int1EnZHi
                0x0801f720                LSM303AGR_ACC_R_Int1EnZHi
                0x0801f760                LSM303AGR_ACC_W_Int1_6D
                0x0801f7d0                LSM303AGR_ACC_R_Int1_6D
                0x0801f810                LSM303AGR_ACC_W_Int1_AOI
                0x0801f880                LSM303AGR_ACC_R_Int1_AOI
                0x0801f8c0                LSM303AGR_ACC_W_Int2EnXLo
                0x0801f930                LSM303AGR_ACC_R_Int2EnXLo
                0x0801f970                LSM303AGR_ACC_W_Int2EnXHi
                0x0801f9e0                LSM303AGR_ACC_R_Int2EnXHi
                0x0801fa20                LSM303AGR_ACC_W_Int2EnYLo
                0x0801fa90                LSM303AGR_ACC_R_Int2EnYLo
                0x0801fad0                LSM303AGR_ACC_W_Int2EnYHi
                0x0801fb40                LSM303AGR_ACC_R_Int2EnYHi
                0x0801fb80                LSM303AGR_ACC_W_Int2EnZLo
                0x0801fbf0                LSM303AGR_ACC_R_Int2EnZLo
                0x0801fc30                LSM303AGR_ACC_W_Int2EnZHi
                0x0801fca0                LSM303AGR_ACC_R_Int2EnZHi
                0x0801fce0                LSM303AGR_ACC_W_Int2_6D
                0x0801fd50                LSM303AGR_ACC_R_Int2_6D
                0x0801fd90                LSM303AGR_ACC_W_Int2_AOI
                0x0801fe00                LSM303AGR_ACC_R_Int2_AOI
                0x0801fe40                LSM303AGR_ACC_R_Int1_Xlo
                0x0801fe80                LSM303AGR_ACC_R_Int1_XHi
                0x0801fec0                LSM303AGR_ACC_R_Int1_YLo
                0x0801ff00                LSM303AGR_ACC_R_Int1_YHi
                0x0801ff40                LSM303AGR_ACC_R_Int1_Zlo
                0x0801ff80                LSM303AGR_ACC_R_Int1_ZHi
                0x0801ffc0                LSM303AGR_ACC_R_Int1_IA
                0x08020000                LSM303AGR_ACC_R_Int2_Xlo
                0x08020040                LSM303AGR_ACC_R_Int2_XHi
                0x08020080                LSM303AGR_ACC_R_Int2_YLo
                0x080200c0                LSM303AGR_ACC_R_Int2_YHi
                0x08020100                LSM303AGR_ACC_R_Int2_Zlo
                0x08020140                LSM303AGR_ACC_R_Int2_ZHi
                0x08020180                LSM303AGR_ACC_R_Int2_IA
                0x080201c0                LSM303AGR_ACC_W_Int1_Threshold
                0x08020240                LSM303AGR_ACC_R_Int1_Threshold
                0x08020280                LSM303AGR_ACC_W_Int2_Threshold
                0x08020300                LSM303AGR_ACC_R_Int2_Threshold
                0x08020340                LSM303AGR_ACC_W_Int1_Duration
                0x080203c0                LSM303AGR_ACC_R_Int1_Duration
                0x08020400                LSM303AGR_ACC_W_Int2_Duration
                0x08020480                LSM303AGR_ACC_R_Int2_Duration
                0x080204c0                LSM303AGR_ACC_W_XSingle
                0x08020530                LSM303AGR_ACC_R_XSingle
                0x08020570                LSM303AGR_ACC_W_XDouble
                0x080205e0                LSM303AGR_ACC_R_XDouble
                0x08020620                LSM303AGR_ACC_W_YSingle
                0x08020690                LSM303AGR_ACC_R_YSingle
                0x080206d0                LSM303AGR_ACC_W_YDouble
                0x08020740                LSM303AGR_ACC_R_YDouble
                0x08020780                LSM303AGR_ACC_W_ZSingle
                0x080207f0                LSM303AGR_ACC_R_ZSingle
                0x08020830                LSM303AGR_ACC_W_ZDouble
                0x080208a0                LSM303AGR_ACC_R_ZDouble
                0x080208e0                LSM303AGR_ACC_R_ClickX
                0x08020920                LSM303AGR_ACC_R_ClickY
                0x08020960                LSM303AGR_ACC_R_ClickZ
                0x080209a0                LSM303AGR_ACC_R_ClickSign
                0x080209e0                LSM303AGR_ACC_R_SingleCLICK
                0x08020a20                LSM303AGR_ACC_R_DoubleCLICK
                0x08020a60                LSM303AGR_ACC_R_CLICK_IA
                0x08020aa0                LSM303AGR_ACC_W_ClickThreshold
                0x08020b20                LSM303AGR_ACC_R_ClickThreshold
                0x08020b60                LSM303AGR_ACC_W_ClickTimeLimit
                0x08020be0                LSM303AGR_ACC_R_ClickTimeLimit
                0x08020c20                LSM303AGR_ACC_W_ClickTimeLatency
                0x08020c80                LSM303AGR_ACC_R_ClickTimeLatency
                0x08020cc0                LSM303AGR_ACC_W_ClickTimeWindow
                0x08020d20                LSM303AGR_ACC_R_ClickTimeWindow
                0x08020d60                LSM303AGR_ACC_Get_Voltage_ADC
 .text          0x08020df0     0x6ed0 build/obj/LSM6DSM_ACC_GYRO_driver.o
                0x08020e70                LSM6DSM_ACC_GYRO_WriteMem
                0x08020eb0                LSM6DSM_ACC_GYRO_ReadMem
                0x08020ef0                LSM6DSM_ACC_GYRO_SwapHighLowByte
                0x08020fc0                LSM6DSM_ACC_GYRO_W_EmbeddedAccess
                0x08021030                LSM6DSM_ACC_GYRO_R_EmbeddedAccess
                0x08021070                LSM6DSM_ACC_GYRO_W_SYNC_RES_RATIO
                0x080210e0                LSM6DSM_ACC_GYRO_R_SYNC_RES_RATIO
                0x08021120                LSM6DSM_ACC_GYRO_W_Stamping_Time_Frame
                0x08021180                LSM6DSM_ACC_GYRO_R_Stamping_Time_Frame
                0x080211c0                LSM6DSM_ACC_GYRO_W_FIFO_Watermark
                0x08021290                LSM6DSM_ACC_GYRO_R_FIFO_Watermark
                0x08021310                LSM6DSM_ACC_GYRO_W_FIFO_TEMP
                0x08021380                LSM6DSM_ACC_GYRO_R_FIFO_TEMP
                0x080213c0                LSM6DSM_ACC_GYRO_W_TIM_PEDO_FIFO_Write_En
                0x08021430                LSM6DSM_ACC_GYRO_R_TIM_PEDO_FIFO_Write_En
                0x08021470                LSM6DSM_ACC_GYRO_W_TIM_PEDO_FIFO_En
                0x080214e0                LSM6DSM_ACC_GYRO_R_TIM_PEDO_FIFO_En
                0x08021520                LSM6DSM_ACC_GYRO_W_DEC_FIFO_XL
                0x08021590                LSM6DSM_ACC_GYRO_W_DEC_FIFO_XL_val
                0x08021690                LSM6DSM_ACC_GYRO_R_DEC_FIFO_XL
                0x080216d0                LSM6DSM_ACC_GYRO_W_DEC_FIFO_G
                0x08021740                LSM6DSM_ACC_GYRO_W_DEC_FIFO_G_val
                0x08021840                LSM6DSM_ACC_GYRO_R_DEC_FIFO_G
                0x08021880                LSM6DSM_ACC_GYRO_W_DEC_FIFO_DS3
                0x080218f0                LSM6DSM_ACC_GYRO_R_DEC_FIFO_DS3
                0x08021930                LSM6DSM_ACC_GYRO_W_DEC_FIFO_DS4
                0x080219a0                LSM6DSM_ACC_GYRO_R_DEC_FIFO_DS4
                0x080219e0                LSM6DSM_ACC_GYRO_W_HI_DATA_ONLY
                0x08021a50                LSM6DSM_ACC_GYRO_R_HI_DATA_ONLY
                0x08021a90                LSM6DSM_ACC_GYRO_W_STOP_ON_FTH
                0x08021b00                LSM6DSM_ACC_GYRO_R_STOP_ON_FTH
                0x08021b40                LSM6DSM_ACC_GYRO_W_FIFO_MODE
                0x08021bb0                LSM6DSM_ACC_GYRO_R_FIFO_MODE
                0x08021bf0                LSM6DSM_ACC_GYRO_W_ODR_FIFO
                0x08021c60                LSM6DSM_ACC_GYRO_R_ODR_FIFO
                0x08021ca0                LSM6DSM_ACC_GYRO_W_DRDY_PULSE
                0x08021d10                LSM6DSM_ACC_GYRO_R_DRDY_PULSE
                0x08021d50                LSM6DSM_ACC_GYRO_W_DRDY_XL_on_INT1
                0x08021dc0                LSM6DSM_ACC_GYRO_R_DRDY_XL_on_INT1
                0x08021e00                LSM6DSM_ACC_GYRO_W_DRDY_G_on_INT1
                0x08021e70                LSM6DSM_ACC_GYRO_R_DRDY_G_on_INT1
                0x08021eb0                LSM6DSM_ACC_GYRO_W_BOOT_on_INT1
                0x08021f20                LSM6DSM_ACC_GYRO_R_BOOT_on_INT1
                0x08021f60                LSM6DSM_ACC_GYRO_W_FIFO_TSHLD_on_INT1
                0x08021fd0                LSM6DSM_ACC_GYRO_R_FIFO_TSHLD_on_INT1
                0x08022010                LSM6DSM_ACC_GYRO_W_OVERRUN_on_INT1
                0x08022080                LSM6DSM_ACC_GYRO_R_OVERRUN_on_INT1
                0x080220c0                LSM6DSM_ACC_GYRO_W_FULL_FLAG_on_INT1
                0x08022130                LSM6DSM_ACC_GYRO_R_FULL_FLAG_on_INT1
                0x08022170                LSM6DSM_ACC_GYRO_W_SIGN_MOT_on_INT1
                0x080221e0                LSM6DSM_ACC_GYRO_R_SIGN_MOT_on_INT1
                0x08022220                LSM6DSM_ACC_GYRO_W_STEP_DET_on_INT1
                0x08022290                LSM6DSM_ACC_GYRO_R_STEP_DET_on_INT1
                0x080222d0                LSM6DSM_ACC_GYRO_W_DRDY_XL_on_INT2
                0x08022340                LSM6DSM_ACC_GYRO_R_DRDY_XL_on_INT2
                0x08022380                LSM6DSM_ACC_GYRO_W_DRDY_G_on_INT2
                0x080223f0                LSM6DSM_ACC_GYRO_R_DRDY_G_on_INT2
                0x08022430                LSM6DSM_ACC_GYRO_W_DRDY_TEMP_on_INT2
                0x080224a0                LSM6DSM_ACC_GYRO_R_DRDY_TEMP_on_INT2
                0x080224e0                LSM6DSM_ACC_GYRO_W_FIFO_TSHLD_on_INT2
                0x08022550                LSM6DSM_ACC_GYRO_R_FIFO_TSHLD_on_INT2
                0x08022590                LSM6DSM_ACC_GYRO_W_OVERRUN_on_INT2
                0x08022600                LSM6DSM_ACC_GYRO_R_OVERRUN_on_INT2
                0x08022640                LSM6DSM_ACC_GYRO_W_FULL_FLAG_on_INT2
                0x080226b0                LSM6DSM_ACC_GYRO_R_FULL_FLAG_on_INT2
                0x080226f0                LSM6DSM_ACC_GYRO_W_STEP_COUNT_OV_on_INT2
                0x08022760                LSM6DSM_ACC_GYRO_R_STEP_COUNT_OV_on_INT2
                0x080227a0                LSM6DSM_ACC_GYRO_W_STEP_DELTA_on_INT2
                0x08022810                LSM6DSM_ACC_GYRO_R_STEP_DELTA_on_INT2
                0x08022850                LSM6DSM_ACC_GYRO_R_WHO_AM_I
                0x08022890                LSM6DSM_ACC_GYRO_W_BW_SEL
                0x08022900                LSM6DSM_ACC_GYRO_R_BW_SEL
                0x08022940                LSM6DSM_ACC_GYRO_W_FS_XL
                0x080229b0                LSM6DSM_ACC_GYRO_R_FS_XL
                0x080229f0                LSM6DSM_ACC_GYRO_W_ODR_XL
                0x08022a60                LSM6DSM_ACC_GYRO_R_ODR_XL
                0x08022aa0                LSM6DSM_ACC_GYRO_translate_ODR_XL
                0x08022b40                LSM6DSM_ACC_GYRO_W_FS_125
                0x08022bb0                LSM6DSM_ACC_GYRO_R_FS_125
                0x08022bf0                LSM6DSM_ACC_GYRO_W_FS_G
                0x08022c60                LSM6DSM_ACC_GYRO_R_FS_G
                0x08022ca0                LSM6DSM_ACC_GYRO_W_ODR_G
                0x08022d10                LSM6DSM_ACC_GYRO_R_ODR_G
                0x08022d50                LSM6DSM_ACC_GYRO_translate_ODR_G
                0x08022df0                LSM6DSM_ACC_GYRO_W_SW_RESET
                0x08022e60                LSM6DSM_ACC_GYRO_R_SW_RESET
                0x08022ea0                LSM6DSM_ACC_GYRO_W_BLE
                0x08022f10                LSM6DSM_ACC_GYRO_R_BLE
                0x08022f50                LSM6DSM_ACC_GYRO_W_IF_Addr_Incr
                0x08022fc0                LSM6DSM_ACC_GYRO_R_IF_Addr_Incr
                0x08023000                LSM6DSM_ACC_GYRO_W_SPI_Mode
                0x08023070                LSM6DSM_ACC_GYRO_R_SPI_Mode
                0x080230b0                LSM6DSM_ACC_GYRO_W_PadSel
                0x08023120                LSM6DSM_ACC_GYRO_R_PadSel
                0x08023160                LSM6DSM_ACC_GYRO_W_INT_ACT_LEVEL
                0x080231d0                LSM6DSM_ACC_GYRO_R_INT_ACT_LEVEL
                0x08023210                LSM6DSM_ACC_GYRO_W_BDU
                0x08023280                LSM6DSM_ACC_GYRO_R_BDU
                0x080232c0                LSM6DSM_ACC_GYRO_W_BOOT
                0x08023330                LSM6DSM_ACC_GYRO_R_BOOT
                0x08023370                LSM6DSM_ACC_GYRO_W_LPF1_SEL_G
                0x080233e0                LSM6DSM_ACC_GYRO_R_LPF1_SEL_G
                0x08023420                LSM6DSM_ACC_GYRO_W_I2C_DISABLE
                0x08023490                LSM6DSM_ACC_GYRO_R_I2C_DISABLE
                0x080234d0                LSM6DSM_ACC_GYRO_W_DRDY_MSK
                0x08023540                LSM6DSM_ACC_GYRO_R_DRDY_MSK
                0x08023580                LSM6DSM_ACC_GYRO_W_INT2_ON_INT1
                0x080235f0                LSM6DSM_ACC_GYRO_R_INT2_ON_INT1
                0x08023630                LSM6DSM_ACC_GYRO_W_SleepMode_G
                0x080236a0                LSM6DSM_ACC_GYRO_R_SleepMode_G
                0x080236e0                LSM6DSM_ACC_GYRO_W_SelfTest_XL
                0x08023750                LSM6DSM_ACC_GYRO_R_SelfTest_XL
                0x08023790                LSM6DSM_ACC_GYRO_W_SelfTest_G
                0x08023800                LSM6DSM_ACC_GYRO_R_SelfTest_G
                0x08023840                LSM6DSM_ACC_GYRO_W_DEN_Polarity
                0x080238b0                LSM6DSM_ACC_GYRO_R_DEN_Polarity
                0x080238f0                LSM6DSM_ACC_GYRO_W_CircularBurstMode
                0x08023960                LSM6DSM_ACC_GYRO_R_CircularBurstMode
                0x080239a0                LSM6DSM_ACC_GYRO_W_LP_BW_G
                0x08023a10                LSM6DSM_ACC_GYRO_R_LP_BW_G
                0x08023a50                LSM6DSM_ACC_GYRO_W_UserOffsetWeight
                0x08023ac0                LSM6DSM_ACC_GYRO_R_UserOffsetWeight
                0x08023b00                LSM6DSM_ACC_GYRO_W_LowPower_XL
                0x08023b70                LSM6DSM_ACC_GYRO_R_LowPower_XL
                0x08023bb0                LSM6DSM_ACC_GYRO_W_DEN_LVL2_EN
                0x08023c20                LSM6DSM_ACC_GYRO_R_DEN_LVL2_EN
                0x08023c60                LSM6DSM_ACC_GYRO_W_DEN_LVL_EN
                0x08023cd0                LSM6DSM_ACC_GYRO_R_DEN_LVL_EN
                0x08023d10                LSM6DSM_ACC_GYRO_W_ExternalTrigger
                0x08023d80                LSM6DSM_ACC_GYRO_R_ExternalTrigger
                0x08023dc0                LSM6DSM_ACC_GYRO_W_HPM_G
                0x08023e30                LSM6DSM_ACC_GYRO_R_HPM_G
                0x08023e70                LSM6DSM_ACC_GYRO_W_RoundingOnStatusRegisters
                0x08023ee0                LSM6DSM_ACC_GYRO_R_RoundingOnStatusRegisters
                0x08023f20                LSM6DSM_ACC_GYRO_W_HPFilter_En
                0x08023f90                LSM6DSM_ACC_GYRO_R_HPFilter_En
                0x08023fd0                LSM6DSM_ACC_GYRO_W_LP_Mode
                0x08024040                LSM6DSM_ACC_GYRO_R_LP_Mode
                0x08024080                LSM6DSM_ACC_GYRO_W_ROUNDING_STATUS
                0x080240f0                LSM6DSM_ACC_GYRO_R_ROUNDING_STATUS
                0x08024130                LSM6DSM_ACC_GYRO_W_HP_G_RST
                0x080241a0                LSM6DSM_ACC_GYRO_R_HP_G_RST
                0x080241e0                LSM6DSM_ACC_GYRO_W_InComposit
                0x08024250                LSM6DSM_ACC_GYRO_R_InComposit
                0x08024290                LSM6DSM_ACC_GYRO_W_HPfilterReference
                0x08024300                LSM6DSM_ACC_GYRO_R_HPfilterReference
                0x08024340                LSM6DSM_ACC_GYRO_W_HPCF_XL
                0x080243b0                LSM6DSM_ACC_GYRO_R_HPCF_XL
                0x080243f0                LSM6DSM_ACC_GYRO_W_LowPassFiltSel_XL
                0x08024460                LSM6DSM_ACC_GYRO_R_LowPassFiltSel_XL
                0x080244a0                LSM6DSM_ACC_GYRO_W_LOW_PASS_ON_6D
                0x08024510                LSM6DSM_ACC_GYRO_R_LOW_PASS_ON_6D
                0x08024550                LSM6DSM_ACC_GYRO_W_HP_SLOPE_XL
                0x080245c0                LSM6DSM_ACC_GYRO_R_HP_SLOPE_XL
                0x08024600                LSM6DSM_ACC_GYRO_W_SOFT
                0x08024670                LSM6DSM_ACC_GYRO_R_SOFT
                0x080246b0                LSM6DSM_ACC_GYRO_W_SignifcantMotion
                0x08024720                LSM6DSM_ACC_GYRO_R_SignifcantMotion
                0x08024760                LSM6DSM_ACC_GYRO_W_PedoStepReset
                0x080247d0                LSM6DSM_ACC_GYRO_R_PedoStepReset
                0x08024810                LSM6DSM_ACC_GYRO_W_TILT
                0x08024880                LSM6DSM_ACC_GYRO_R_TILT
                0x080248c0                LSM6DSM_ACC_GYRO_W_PEDO
                0x08024930                LSM6DSM_ACC_GYRO_R_PEDO
                0x08024970                LSM6DSM_ACC_GYRO_W_TIMER
                0x080249e0                LSM6DSM_ACC_GYRO_R_TIMER
                0x08024a20                LSM6DSM_ACC_GYRO_W_FUNC_EN
                0x08024a90                LSM6DSM_ACC_GYRO_R_FUNC_EN
                0x08024ad0                LSM6DSM_ACC_GYRO_W_I2C_MASTER_Enable
                0x08024b40                LSM6DSM_ACC_GYRO_R_I2C_MASTER_Enable
                0x08024b80                LSM6DSM_ACC_GYRO_W_IronCorrection_EN
                0x08024bf0                LSM6DSM_ACC_GYRO_R_IronCorrection_EN
                0x08024c30                LSM6DSM_ACC_GYRO_W_PASS_THRU_MODE
                0x08024ca0                LSM6DSM_ACC_GYRO_R_PASS_THRU_MODE
                0x08024ce0                LSM6DSM_ACC_GYRO_W_PULL_UP_EN
                0x08024d50                LSM6DSM_ACC_GYRO_R_PULL_UP_EN
                0x08024d90                LSM6DSM_ACC_GYRO_W_SensorHUB_Trigger_Sel
                0x08024e00                LSM6DSM_ACC_GYRO_R_SensorHUB_Trigger_Sel
                0x08024e40                LSM6DSM_ACC_GYRO_W_DATA_VAL_SEL_FIFO
                0x08024eb0                LSM6DSM_ACC_GYRO_R_DATA_VAL_SEL_FIFO
                0x08024ef0                LSM6DSM_ACC_GYRO_W_DRDY_ON_INT1
                0x08024f60                LSM6DSM_ACC_GYRO_R_DRDY_ON_INT1
                0x08024fa0                LSM6DSM_ACC_GYRO_R_Z_WU
                0x08024fe0                LSM6DSM_ACC_GYRO_R_Y_WU
                0x08025020                LSM6DSM_ACC_GYRO_R_X_WU
                0x08025060                LSM6DSM_ACC_GYRO_R_WU_EV_STATUS
                0x080250a0                LSM6DSM_ACC_GYRO_R_SLEEP_EV_STATUS
                0x080250e0                LSM6DSM_ACC_GYRO_R_FF_EV_STATUS
                0x08025120                LSM6DSM_ACC_GYRO_R_Z_TAP
                0x08025160                LSM6DSM_ACC_GYRO_R_Y_TAP
                0x080251a0                LSM6DSM_ACC_GYRO_R_X_TAP
                0x080251e0                LSM6DSM_ACC_GYRO_R_TAP_SIGN
                0x08025220                LSM6DSM_ACC_GYRO_R_DOUBLE_TAP_EV_STATUS
                0x08025260                LSM6DSM_ACC_GYRO_R_SINGLE_TAP_EV_STATUS
                0x080252a0                LSM6DSM_ACC_GYRO_R_TAP_EV_STATUS
                0x080252e0                LSM6DSM_ACC_GYRO_R_DSD_XL
                0x08025320                LSM6DSM_ACC_GYRO_R_DSD_XH
                0x08025360                LSM6DSM_ACC_GYRO_R_DSD_YL
                0x080253a0                LSM6DSM_ACC_GYRO_R_DSD_YH
                0x080253e0                LSM6DSM_ACC_GYRO_R_DSD_ZL
                0x08025420                LSM6DSM_ACC_GYRO_R_DSD_ZH
                0x08025460                LSM6DSM_ACC_GYRO_R_D6D_EV_STATUS
                0x080254a0                LSM6DSM_ACC_GYRO_R_XLDA
                0x080254e0                LSM6DSM_ACC_GYRO_R_GDA
                0x08025520                LSM6DSM_ACC_GYRO_R_TDA
                0x08025560                LSM6DSM_ACC_GYRO_R_FIFONumOfEntries
                0x080255e0                LSM6DSM_ACC_GYRO_R_FIFOEmpty
                0x08025620                LSM6DSM_ACC_GYRO_R_FIFOFull
                0x08025660                LSM6DSM_ACC_GYRO_R_OVERRUN
                0x080256a0                LSM6DSM_ACC_GYRO_R_WaterMark
                0x080256e0                LSM6DSM_ACC_GYRO_R_FIFOPattern
                0x08025760                LSM6DSM_ACC_GYRO_R_SENS_HUB_END
                0x080257a0                LSM6DSM_ACC_GYRO_R_SOFT_IRON_END
                0x080257e0                LSM6DSM_ACC_GYRO_R_HardIron
                0x08025820                LSM6DSM_ACC_GYRO_R_STEP_OVERFLOW
                0x08025860                LSM6DSM_ACC_GYRO_R_STEP_COUNT_DELTA
                0x080258a0                LSM6DSM_ACC_GYRO_R_PEDO_EV_STATUS
                0x080258e0                LSM6DSM_ACC_GYRO_R_TILT_EV_STATUS
                0x08025920                LSM6DSM_ACC_GYRO_R_SIGN_MOT_EV_STATUS
                0x08025960                LSM6DSM_ACC_GYRO_W_LIR
                0x080259d0                LSM6DSM_ACC_GYRO_R_LIR
                0x08025a10                LSM6DSM_ACC_GYRO_W_TAP_Z_EN
                0x08025a80                LSM6DSM_ACC_GYRO_R_TAP_Z_EN
                0x08025ac0                LSM6DSM_ACC_GYRO_W_TAP_Y_EN
                0x08025b30                LSM6DSM_ACC_GYRO_R_TAP_Y_EN
                0x08025b70                LSM6DSM_ACC_GYRO_W_TAP_X_EN
                0x08025be0                LSM6DSM_ACC_GYRO_R_TAP_X_EN
                0x08025c20                LSM6DSM_ACC_GYRO_W_SLOPE_FDS
                0x08025c90                LSM6DSM_ACC_GYRO_R_SLOPE_FDS
                0x08025cd0                LSM6DSM_ACC_GYRO_W_BASIC_INT
                0x08025d40                LSM6DSM_ACC_GYRO_R_BASIC_INT
                0x08025d80                LSM6DSM_ACC_GYRO_W_TAP_THS
                0x08025df0                LSM6DSM_ACC_GYRO_R_TAP_THS
                0x08025e30                LSM6DSM_ACC_GYRO_W_SIXD_THS
                0x08025ea0                LSM6DSM_ACC_GYRO_R_SIXD_THS
                0x08025ee0                LSM6DSM_ACC_GYRO_W_D4D
                0x08025f50                LSM6DSM_ACC_GYRO_R_D4D
                0x08025f90                LSM6DSM_ACC_GYRO_W_SHOCK_Duration
                0x08026000                LSM6DSM_ACC_GYRO_R_SHOCK_Duration
                0x08026040                LSM6DSM_ACC_GYRO_W_QUIET_Duration
                0x080260c0                LSM6DSM_ACC_GYRO_R_QUIET_Duration
                0x08026100                LSM6DSM_ACC_GYRO_W_DUR
                0x08026180                LSM6DSM_ACC_GYRO_R_DUR
                0x080261c0                LSM6DSM_ACC_GYRO_W_WK_THS
                0x08026230                LSM6DSM_ACC_GYRO_R_WK_THS
                0x08026270                LSM6DSM_ACC_GYRO_W_SINGLE_DOUBLE_TAP_EV
                0x080262e0                LSM6DSM_ACC_GYRO_R_SINGLE_DOUBLE_TAP_EV
                0x08026320                LSM6DSM_ACC_GYRO_W_SLEEP_DUR
                0x08026390                LSM6DSM_ACC_GYRO_R_SLEEP_DUR
                0x080263d0                LSM6DSM_ACC_GYRO_W_TIMER_HR
                0x08026440                LSM6DSM_ACC_GYRO_R_TIMER_HR
                0x08026480                LSM6DSM_ACC_GYRO_W_WAKE_DUR
                0x08026500                LSM6DSM_ACC_GYRO_R_WAKE_DUR
                0x08026540                LSM6DSM_ACC_GYRO_W_FF_THS
                0x080265b0                LSM6DSM_ACC_GYRO_R_FF_THS
                0x080265f0                LSM6DSM_ACC_GYRO_W_FF_Duration
                0x080266f0                LSM6DSM_ACC_GYRO_R_FF_Duration
                0x08026790                LSM6DSM_ACC_GYRO_W_TimerEvRouteInt1
                0x08026800                LSM6DSM_ACC_GYRO_R_TimerEvRouteInt1
                0x08026840                LSM6DSM_ACC_GYRO_W_TiltEvOnInt1
                0x080268b0                LSM6DSM_ACC_GYRO_R_TiltEvOnInt1
                0x080268f0                LSM6DSM_ACC_GYRO_W_6DEvOnInt1
                0x08026960                LSM6DSM_ACC_GYRO_R_6DEvOnInt1
                0x080269a0                LSM6DSM_ACC_GYRO_W_TapEvOnInt1
                0x08026a10                LSM6DSM_ACC_GYRO_R_TapEvOnInt1
                0x08026a50                LSM6DSM_ACC_GYRO_W_FFEvOnInt1
                0x08026ac0                LSM6DSM_ACC_GYRO_R_FFEvOnInt1
                0x08026b00                LSM6DSM_ACC_GYRO_W_WUEvOnInt1
                0x08026b70                LSM6DSM_ACC_GYRO_R_WUEvOnInt1
                0x08026bb0                LSM6DSM_ACC_GYRO_W_SingleTapOnInt1
                0x08026c20                LSM6DSM_ACC_GYRO_R_SingleTapOnInt1
                0x08026c60                LSM6DSM_ACC_GYRO_W_SleepEvOnInt1
                0x08026cd0                LSM6DSM_ACC_GYRO_R_SleepEvOnInt1
                0x08026d10                LSM6DSM_ACC_GYRO_W_MagCorrection_Int2
                0x08026d80                LSM6DSM_ACC_GYRO_R_MagCorrection_Int2
                0x08026dc0                LSM6DSM_ACC_GYRO_W_TiltEvOnInt2
                0x08026e30                LSM6DSM_ACC_GYRO_R_TiltEvOnInt2
                0x08026e70                LSM6DSM_ACC_GYRO_W_6DEvOnInt2
                0x08026ee0                LSM6DSM_ACC_GYRO_R_6DEvOnInt2
                0x08026f20                LSM6DSM_ACC_GYRO_W_TapEvOnInt2
                0x08026f90                LSM6DSM_ACC_GYRO_R_TapEvOnInt2
                0x08026fd0                LSM6DSM_ACC_GYRO_W_FFEvOnInt2
                0x08027040                LSM6DSM_ACC_GYRO_R_FFEvOnInt2
                0x08027080                LSM6DSM_ACC_GYRO_W_WUEvOnInt2
                0x080270f0                LSM6DSM_ACC_GYRO_R_WUEvOnInt2
                0x08027130                LSM6DSM_ACC_GYRO_W_SingleTapOnInt2
                0x080271a0                LSM6DSM_ACC_GYRO_R_SingleTapOnInt2
                0x080271e0                LSM6DSM_ACC_GYRO_W_SleepEvOnInt2
                0x08027250                LSM6DSM_ACC_GYRO_R_SleepEvOnInt2
                0x08027290                LSM6DSM_ACC_GYRO_GetRawGyroData
                0x08027320                LSM6DSM_ACC_Get_AngularRate
                0x08027530                LSM6DSM_ACC_GYRO_GetRawAccData
                0x080275c0                LSM6DSM_ACC_Get_Acceleration
                0x080277a0                LSM6DSM_ACC_GYRO_Get_GetFIFOData
                0x08027830                LSM6DSM_ACC_GYRO_Get_GetTimestamp
                0x080278c0                LSM6DSM_ACC_GYRO_Get_GetStepCounter
                0x08027950                LSM6DSM_ACC_GYRO_W_PedoThreshold
                0x080279f0                LSM6DSM_ACC_GYRO_SH_init_SI_Matrix
                0x08027a40                LSM6DSM_ACC_GYRO_SH0_Program
                0x08027b20                LSM6DSM_ACC_GYRO_SH0_ReadMem
                0x08027bd0                LSM6DSM_ACC_GYRO_SH0_WriteByte
 .text          0x08027cc0     0x2370 build/obj/LSM6DSM_ACC_GYRO_driver_HL.o
 .text          0x0802a030      0xdd0 build/obj/STC3115_Driver.o
 .text          0x0802ae00     0x11e0 build/obj/SensorTile.o
                0x0802ae00                BSP_GetVersion
                0x0802ae10                BSP_LED_Init
                0x0802aec0                BSP_LED_DeInit
                0x0802aed0                BSP_LED_On
                0x0802af40                BSP_LED_Off
                0x0802afb0                BSP_LED_Toggle
                0x0802aff0                Sensor_IO_I2C_Init
                0x0802b010                Sensor_IO_SPI_Init
                0x0802b120                Sensor_IO_SPI_CS_Init_All
                0x0802b210                Sensor_IO_SPI_CS_Init
                0x0802b330                Sensor_IO_Write
                0x0802b3d0                Sensor_IO_I2C_Write
                0x0802b410                Sensor_IO_Read
                0x0802b4b0                Sensor_IO_I2C_Read
                0x0802b4f0                Sensor_IO_SPI_Write
                0x0802b560                Sensor_IO_SPI_Read
                0x0802b610                Sensor_IO_SPI_CS_Enable
                0x0802b680                Sensor_IO_SPI_CS_Disable
                0x0802b6f0                LSM6DSM_Sensor_IO_ITConfig
                0x0802b750                SPI_Read
                0x0802b7c0                SPI_Write
                0x0802bcc0                SD_IO_Init
                0x0802bd10                SD_IO_Init_LS
                0x0802bd60                SD_IO_CS_Init
                0x0802bdb0                SD_IO_CS_DeInit
                0x0802bde0                SD_IO_WriteByte
                0x0802be00                SD_IO_ReadByte
                0x0802be20                SD_IO_WriteCmd_wResp
                0x0802bed0                SD_IO_WriteCmd
                0x0802bf80                SD_IO_WaitResponse
                0x0802bfc0                SD_IO_WriteDummy
 .text          0x0802bfe0      0x5f0 build/obj/SensorTile_BlueNRG.o
                0x0802bfe0                HAL_SPI_MspInit
                0x0802c190                Hal_Write_Serial
                0x0802c1e0                BNRG_SPI_Init
                0x0802c240                BlueNRG_RST
                0x0802c270                BlueNRG_DataPresent
                0x0802c290                BlueNRG_HW_Bootloader
                0x0802c2b0                BlueNRG_SPI_Read_All
                0x0802c3c0                BlueNRG_SPI_Write
                0x0802c4f0                set_irq_as_output
                0x0802c530                set_irq_as_input
                0x0802c590                Enable_SPI_IRQ
                0x0802c5a0                Disable_SPI_IRQ
                0x0802c5b0                Clear_SPI_IRQ
                0x0802c5c0                Clear_SPI_EXTI_Flag
 .text          0x0802c5d0     0x1750 build/obj/SensorTile_accelero.o
                0x0802c5d0                BSP_ACCELERO_Init
                0x0802c8a0                BSP_ACCELERO_DeInit
                0x0802c900                BSP_ACCELERO_Sensor_Enable
                0x0802c950                BSP_ACCELERO_Sensor_Disable
                0x0802c9a0                BSP_ACCELERO_IsInitialized
                0x0802c9d0                BSP_ACCELERO_IsEnabled
                0x0802ca00                BSP_ACCELERO_IsCombo
                0x0802ca30                BSP_ACCELERO_Get_Instance
                0x0802ca60                BSP_ACCELERO_Get_WhoAmI
                0x0802cab0                BSP_ACCELERO_Check_WhoAmI
                0x0802cb00                BSP_ACCELERO_Get_Axes
                0x0802cb60                BSP_ACCELERO_Get_AxesRaw
                0x0802cbc0                BSP_ACCELERO_Get_Sensitivity
                0x0802cc20                BSP_ACCELERO_Get_ODR
                0x0802cc80                BSP_ACCELERO_Set_ODR
                0x0802cce0                BSP_ACCELERO_Set_ODR_Value
                0x0802cd30                BSP_ACCELERO_Get_FS
                0x0802cd90                BSP_ACCELERO_Set_FS
                0x0802cdf0                BSP_ACCELERO_Set_FS_Value
                0x0802ce40                BSP_ACCELERO_Get_Axes_Status
                0x0802cea0                BSP_ACCELERO_Set_Axes_Status
                0x0802cf00                BSP_ACCELERO_Read_Reg
                0x0802cf60                BSP_ACCELERO_Write_Reg
                0x0802cfc0                BSP_ACCELERO_Get_DRDY_Status
                0x0802d010                BSP_ACCELERO_Enable_Free_Fall_Detection_Ext
                0x0802d060                BSP_ACCELERO_Disable_Free_Fall_Detection_Ext
                0x0802d0b0                BSP_ACCELERO_Get_Free_Fall_Detection_Status_Ext
                0x0802d110                BSP_ACCELERO_Set_Free_Fall_Threshold_Ext
                0x0802d170                BSP_ACCELERO_Enable_Pedometer_Ext
                0x0802d1c0                BSP_ACCELERO_Disable_Pedometer_Ext
                0x0802d210                BSP_ACCELERO_Get_Pedometer_Status_Ext
                0x0802d270                BSP_ACCELERO_Get_Step_Count_Ext
                0x0802d2d0                BSP_ACCELERO_Reset_Step_Counter_Ext
                0x0802d350                BSP_ACCELERO_Set_Pedometer_Threshold_Ext
                0x0802d3b0                BSP_ACCELERO_Enable_Tilt_Detection_Ext
                0x0802d400                BSP_ACCELERO_Disable_Tilt_Detection_Ext
                0x0802d450                BSP_ACCELERO_Get_Tilt_Detection_Status_Ext
                0x0802d4b0                BSP_ACCELERO_Enable_Wake_Up_Detection_Ext
                0x0802d500                BSP_ACCELERO_Disable_Wake_Up_Detection_Ext
                0x0802d550                BSP_ACCELERO_Get_Wake_Up_Detection_Status_Ext
                0x0802d5b0                BSP_ACCELERO_Set_Wake_Up_Threshold_Ext
                0x0802d610                BSP_ACCELERO_Enable_Single_Tap_Detection_Ext
                0x0802d660                BSP_ACCELERO_Disable_Single_Tap_Detection_Ext
                0x0802d6b0                BSP_ACCELERO_Get_Single_Tap_Detection_Status_Ext
                0x0802d710                BSP_ACCELERO_Enable_Double_Tap_Detection_Ext