Archive member included because of file (symbol)

/nfs/nfs5/home/research/hardware/arm2/gcc-arm-embedded/gcc-arm-none-eabi-4_8-2014q2/bin/../lib/gcc/arm-none-eabi/4.8.4/armv7e-m/libgcc.a(_aeabi_ldivmod.o)
                              build/obj/LSM303AGR_ACC_driver.o (__aeabi_ldivmod)
/nfs/nfs5/home/research/hardware/arm2/gcc-arm-embedded/gcc-arm-none-eabi-4_8-2014q2/bin/../lib/gcc/arm-none-eabi/4.8.4/armv7e-m/libgcc.a(bpabi.o)
                              /nfs/nfs5/home/research/hardware/arm2/gcc-arm-embedded/gcc-arm-none-eabi-4_8-2014q2/bin/../lib/gcc/arm-none-eabi/4.8.4/armv7e-m/libgcc.a(_aeabi_ldivmod.o) (__gnu_ldivmod_helper)
/nfs/nfs5/home/research/hardware/arm2/gcc-arm-embedded/gcc-arm-none-eabi-4_8-2014q2/bin/../lib/gcc/arm-none-eabi/4.8.4/armv7e-m/libgcc.a(_dvmd_tls.o)
                              /nfs/nfs5/home/research/hardware/arm2/gcc-arm-embedded/gcc-arm-none-eabi-4_8-2014q2/bin/../lib/gcc/arm-none-eabi/4.8.4/armv7e-m/libgcc.a(_aeabi_ldivmod.o) (__aeabi_ldiv0)
/nfs/nfs5/home/research/hardware/arm2/gcc-arm-embedded/gcc-arm-none-eabi-4_8-2014q2/bin/../lib/gcc/arm-none-eabi/4.8.4/armv7e-m/libgcc.a(_divdi3.o)
                              /nfs/nfs5/home/research/hardware/arm2/gcc-arm-embedded/gcc-arm-none-eabi-4_8-2014q2/bin/../lib/gcc/arm-none-eabi/4.8.4/armv7e-m/libgcc.a(bpabi.o) (__divdi3)
/nfs/nfs5/home/research/hardware/arm2/gcc-arm-embedded/gcc-arm-none-eabi-4_8-2014q2/bin/../lib/gcc/arm-none-eabi/4.8.4/armv7e-m/libgcc.a(_udivdi3.o)
                              /nfs/nfs5/home/research/hardware/arm2/gcc-arm-embedded/gcc-arm-none-eabi-4_8-2014q2/bin/../lib/gcc/arm-none-eabi/4.8.4/armv7e-m/libgcc.a(bpabi.o) (__udivdi3)
/nfs/nfs5/home/research/hardware/arm2/gcc-arm-embedded/gcc-arm-none-eabi-4_8-2014q2/bin/../lib/gcc/arm-none-eabi/4.8.4/../../../../arm-none-eabi/lib/armv7e-m/libg.a(lib_a-memcpy.o)
                              build/obj/hal_buffers.o (memcpy)
/nfs/nfs5/home/research/hardware/arm2/gcc-arm-embedded/gcc-arm-none-eabi-4_8-2014q2/bin/../lib/gcc/arm-none-eabi/4.8.4/../../../../arm-none-eabi/lib/armv7e-m/libg.a(lib_a-memset.o)
                              build/obj/usb.o (memset)
/nfs/nfs5/home/research/hardware/arm2/gcc-arm-embedded/gcc-arm-none-eabi-4_8-2014q2/bin/../lib/gcc/arm-none-eabi/4.8.4/../../../../arm-none-eabi/lib/armv7e-m/libg.a(lib_a-strcmp.o)
                              build/obj/shell.o (strcmp)
/nfs/nfs5/home/research/hardware/arm2/gcc-arm-embedded/gcc-arm-none-eabi-4_8-2014q2/bin/../lib/gcc/arm-none-eabi/4.8.4/../../../../arm-none-eabi/lib/armv7e-m/libg.a(lib_a-strpbrk.o)
                              build/obj/shell.o (strpbrk)
/nfs/nfs5/home/research/hardware/arm2/gcc-arm-embedded/gcc-arm-none-eabi-4_8-2014q2/bin/../lib/gcc/arm-none-eabi/4.8.4/../../../../arm-none-eabi/lib/armv7e-m/libg.a(lib_a-strspn.o)
                              build/obj/shell.o (strspn)

Allocating common symbols
Common symbol       size              file

test_global_fail    0x1               build/obj/test.o
SD5                 0x7c              build/obj/serial_lld.o
test_timer_done     0x1               build/obj/test.o
threads             0x14              build/obj/test.o
shell_terminated    0x4               build/obj/shell.o
SDCD1               0x4c              build/obj/sdc_lld.o
test                0x668             build/obj/test.o
SPID2               0x30              build/obj/spi_lld.o
USBD1               0x1d0             build/obj/usb_lld.o
_stm32_dma_isr_redir
                    0x70              build/obj/stm32_dma.o
ch                  0x150             build/obj/chschd.o

Memory Configuration

Name             Origin             Length             Attributes
flash            0x08000000         0x00100000
ram0             0x20000000         0x00018000
ram1             0x00000000         0x00000000
ram2             0x00000000         0x00000000
ram3             0x00000000         0x00000000
ram4             0x10000000         0x00008000
ram5             0x00000000         0x00000000
ram6             0x00000000         0x00000000
ram7             0x00000000         0x00000000
*default*        0x00000000         0xffffffff

Linker script and memory map

LOAD build/obj/crt0_v7m.o
LOAD build/obj/chcoreasm_v7m.o
LOAD build/obj/crt1.o
LOAD build/obj/vectors.o
LOAD build/obj/chsys.o
LOAD build/obj/chdebug.o
LOAD build/obj/chvt.o
LOAD build/obj/chschd.o
LOAD build/obj/chthreads.o
LOAD build/obj/chtm.o
LOAD build/obj/chdynamic.o
LOAD build/obj/chregistry.o
LOAD build/obj/chsem.o
LOAD build/obj/chmtx.o
LOAD build/obj/chcond.o
LOAD build/obj/chevents.o
LOAD build/obj/chmsg.o
LOAD build/obj/chmboxes.o
LOAD build/obj/chqueues.o
LOAD build/obj/chmemcore.o
LOAD build/obj/chheap.o
LOAD build/obj/chmempools.o
LOAD build/obj/chcore.o
LOAD build/obj/chcore_v7m.o
LOAD build/obj/osal.o
LOAD build/obj/hal.o
LOAD build/obj/st.o
LOAD build/obj/hal_buffers.o
LOAD build/obj/hal_queues.o
LOAD build/obj/hal_mmcsd.o
LOAD build/obj/pal.o
LOAD build/obj/sdc.o
LOAD build/obj/serial.o
LOAD build/obj/spi.o
LOAD build/obj/usb.o
LOAD build/obj/nvic.o
LOAD build/obj/hal_lld.o
LOAD build/obj/stm32_dma.o
LOAD build/obj/st_lld.o
LOAD build/obj/pal_lld.o
LOAD build/obj/usb_lld.o
LOAD build/obj/sdc_lld.o
LOAD build/obj/spi_lld.o
LOAD build/obj/serial_lld.o
LOAD build/obj/board.o
LOAD build/obj/test.o
LOAD build/obj/testthd.o
LOAD build/obj/testsem.o
LOAD build/obj/testmtx.o
LOAD build/obj/testmsg.o
LOAD build/obj/testmbox.o
LOAD build/obj/testevt.o
LOAD build/obj/testheap.o
LOAD build/obj/testpools.o
LOAD build/obj/testdyn.o
LOAD build/obj/testqueues.o
LOAD build/obj/testsys.o
LOAD build/obj/testbmk.o
LOAD build/obj/evtimer.o
LOAD build/obj/memstreams.o
LOAD build/obj/chprintf.o
LOAD build/obj/shell.o
LOAD build/obj/main.o
LOAD build/obj/LSM303AGR_ACC_driver.o
LOAD build/obj/SensorTile.o
                0x20000000                __ram0_start__ = ORIGIN (ram0)
                0x00018000                __ram0_size__ = 0x18000
                0x20018000                __ram0_end__ = (__ram0_start__ + __ram0_size__)
                0x00000000                __ram1_start__ = ORIGIN (ram1)
                0x00000000                __ram1_size__ = 0x0
                0x00000000                __ram1_end__ = (__ram1_start__ + __ram1_size__)
                0x00000000                __ram2_start__ = ORIGIN (ram2)
                0x00000000                __ram2_size__ = 0x0
                0x00000000                __ram2_end__ = (__ram2_start__ + __ram2_size__)
                0x00000000                __ram3_start__ = ORIGIN (ram3)
                0x00000000                __ram3_size__ = 0x0
                0x00000000                __ram3_end__ = (__ram3_start__ + __ram3_size__)
                0x10000000                __ram4_start__ = ORIGIN (ram4)
                0x00008000                __ram4_size__ = 0x8000
                0x10008000                __ram4_end__ = (__ram4_start__ + __ram4_size__)
                0x00000000                __ram5_start__ = ORIGIN (ram5)
                0x00000000                __ram5_size__ = 0x0
                0x00000000                __ram5_end__ = (__ram5_start__ + __ram5_size__)
                0x00000000                __ram6_start__ = ORIGIN (ram6)
                0x00000000                __ram6_size__ = 0x0
                0x00000000                __ram6_end__ = (__ram6_start__ + __ram6_size__)
                0x00000000                __ram7_start__ = ORIGIN (ram7)
                0x00000000                __ram7_size__ = 0x0
                0x00000000                __ram7_end__ = (__ram7_start__ + __ram7_size__)
                0x00000000                . = 0x0
                0x00000000                _text = .

startup         0x08000000      0x200
 *(.vectors)
 .vectors       0x08000000      0x200 build/obj/vectors.o
                0x08000000                _vectors

constructors    0x08000200        0x0
                0x08000200                __init_array_start = .
 *(SORT(.init_array.*))
 *(.init_array)
                0x08000200                __init_array_end = .

destructors     0x08000200        0x0
                0x08000200                __fini_array_start = .
 *(.fini_array)
 *(SORT(.fini_array.*))
                0x08000200                __fini_array_end = .

.text           0x08000200    0x16fe0
 *(.text)
 .text          0x08000200       0xd4 build/obj/crt0_v7m.o
                0x08000200                Reset_Handler
 *fill*         0x080002d4        0xc 
 .text          0x080002e0       0x28 build/obj/chcoreasm_v7m.o
                0x080002e0                _port_switch
                0x080002f0                _port_thread_start
                0x08000300                _port_switch_from_isr
                0x08000304                _port_exit_from_isr
 *fill*         0x08000308        0x8 
 .text          0x08000310       0xb0 build/obj/crt1.o
                0x08000310                __core_init
                0x08000330                __late_init
                0x08000340                __default_exit
                0x08000350                __init_ram_areas
 .text          0x080003c0       0x10 build/obj/vectors.o
                0x080003c0                Vector58
                0x080003c0                VectorE8
                0x080003c0                Vector9C
                0x080003c0                VectorAC
                0x080003c0                DebugMon_Handler
                0x080003c0                Vector5C
                0x080003c0                Vector11C
                0x080003c0                HardFault_Handler
                0x080003c0                Vector19C
                0x080003c0                Vector8C
                0x080003c0                VectorDC
                0x080003c0                PendSV_Handler
                0x080003c0                Vector168
                0x080003c0                NMI_Handler
                0x080003c0                Vector110
                0x080003c0                VectorC8
                0x080003c0                Vector94
                0x080003c0                VectorA8
                0x080003c0                VectorB4
                0x080003c0                Vector160
                0x080003c0                UsageFault_Handler
                0x080003c0                VectorEC
                0x080003c0                Vector40
                0x080003c0                VectorF8
                0x080003c0                Vector108
                0x080003c0                VectorBC
                0x080003c0                Vector190
                0x080003c0                Vector148
                0x080003c0                Vector188
                0x080003c0                Vector198
                0x080003c0                Vector118
                0x080003c0                Vector64
                0x080003c0                VectorCC
                0x080003c0                Vector54
                0x080003c0                Vector98
                0x080003c0                VectorD8
                0x080003c0                Vector138
                0x080003c0                Vector24
                0x080003c0                Vector178
                0x080003c0                VectorD0
                0x080003c0                Vector140
                0x080003c0                VectorE4
                0x080003c0                VectorC0
                0x080003c0                Vector158
                0x080003c0                Vector134
                0x080003c0                VectorF0
                0x080003c0                Vector13C
                0x080003c0                Vector100
                0x080003c0                VectorE0
                0x080003c0                VectorF4
                0x080003c0                MemManage_Handler
                0x080003c0                VectorA0
                0x080003c0                VectorC4
                0x080003c0                Vector180
                0x080003c0                VectorB0
                0x080003c0                Vector90
                0x080003c0                Vector164
                0x080003c0                Vector60
                0x080003c0                Vector1C
                0x080003c0                Vector17C
                0x080003c0                Vector48
                0x080003c0                Vector16C
                0x080003c0                VectorD4
                0x080003c0                Vector4C
                0x080003c0                Vector144
                0x080003c0                Vector15C
                0x080003c0                Vector68
                0x080003c0                _unhandled_exception
                0x080003c0                Vector170
                0x080003c0                Vector88
                0x080003c0                Vector184
                0x080003c0                Vector10C
                0x080003c0                BusFault_Handler
                0x080003c0                Vector50
                0x080003c0                Vector194
                0x080003c0                Vector44
                0x080003c0                Vector28
                0x080003c0                VectorB8
                0x080003c0                VectorFC
                0x080003c0                Vector34
                0x080003c0                VectorA4
                0x080003c0                Vector20
                0x080003c0                Vector18C
                0x080003c0                Vector174
 .text          0x080003d0      0x590 build/obj/chsys.o
                0x080006a0                chSysInit
                0x08000720                chSysHalt
                0x08000740                chSysIntegrityCheckI
                0x08000850                chSysTimerHandlerI
                0x08000880                chSysGetStatusAndLockX
                0x080008c0                chSysRestoreStatusX
                0x080008f0                chSysIsCounterWithinX
                0x08000920                chSysPolledDelayX
 .text          0x08000960        0x0 build/obj/chdebug.o
 .text          0x08000960       0xf0 build/obj/chvt.o
                0x08000960                _vt_init
                0x08000990                chVTDoSetI
                0x08000a10                chVTDoResetI
 .text          0x08000a50      0x470 build/obj/chschd.o
                0x08000b80                _scheduler_init
                0x08000ba0                chSchReadyI
                0x08000bf0                chSchGoSleepS
                0x08000cc0                chSchGoSleepTimeoutS
                0x08000d30                chSchWakeupS
                0x08000d80                chSchRescheduleS
                0x08000da0                chSchIsPreemptionRequired
                0x08000df0                chSchDoRescheduleBehind
                0x08000e30                chSchDoRescheduleAhead
                0x08000ea0                chSchDoReschedule
 .text          0x08000ec0      0x720 build/obj/chthreads.o
                0x08001110                _thread_init
                0x08001190                chThdCreateI
                0x080011e0                chThdCreateStatic
                0x08001220                chThdStart
                0x08001240                chThdSetPriority
                0x080012a0                chThdTerminate
                0x080012d0                chThdSleep
                0x080012f0                chThdSleepUntil
                0x08001320                chThdSleepUntilWindowed
                0x08001360                chThdYield
                0x08001370                chThdExit
                0x08001390                chThdExitS
                0x08001400                chThdWait
                0x08001450                chThdSuspendS
                0x08001480                chThdSuspendTimeoutS
                0x080014c0                chThdResumeI
                0x080014f0                chThdResumeS
                0x08001520                chThdResume
                0x08001540                chThdEnqueueTimeoutS
                0x08001580                chThdDequeueNextI
                0x080015b0                chThdDequeueAllI
 .text          0x080015e0      0x170 build/obj/chtm.o
                0x08001660                _tm_init
                0x080016a0                chTMObjectInit
                0x080016d0                chTMStartMeasurementX
                0x080016f0                chTMStopMeasurementX
                0x08001720                chTMChainMeasurementToX
 .text          0x08001750      0x1c0 build/obj/chdynamic.o
                0x08001790                chThdAddRef
                0x080017c0                chThdRelease
                0x08001850                chThdCreateFromHeap
                0x080018b0                chThdCreateFromMemoryPool
 .text          0x08001910       0xc0 build/obj/chregistry.o
                0x08001950                chRegFirstThread
                0x08001980                chRegNextThread
 .text          0x080019d0      0x3e0 build/obj/chsem.o
                0x08001ac0                chSemObjectInit
                0x08001ae0                chSemReset
                0x08001b10                chSemResetI
                0x08001b50                chSemWait
                0x08001b70                chSemWaitS
                0x08001bc0                chSemWaitTimeout
                0x08001bf0                chSemWaitTimeoutS
                0x08001c50                chSemSignal
                0x08001c90                chSemSignalI
                0x08001cd0                chSemAddCounterI
                0x08001d20                chSemSignalWait
 .text          0x08001db0      0x480 build/obj/chmtx.o
                0x08001ef0                chMtxObjectInit
                0x08001f10                chMtxLock
                0x08001f30                chMtxLockS
                0x08001ff0                chMtxTryLock
                0x08002020                chMtxTryLockS
                0x08002060                chMtxUnlock
                0x08002110                chMtxUnlockS
                0x080021b0                chMtxUnlockAll
 .text          0x08002230      0x300 build/obj/chcond.o
                0x08002350                chCondObjectInit
                0x08002370                chCondSignal
                0x080023b0                chCondSignalI
                0x080023e0                chCondBroadcast
                0x08002400                chCondBroadcastI
                0x08002440                chCondWait
                0x08002460                chCondWaitS
                0x080024b0                chCondWaitTimeout
                0x080024e0                chCondWaitTimeoutS
 .text          0x08002530      0x590 build/obj/chevents.o
                0x08002570                chEvtRegisterMaskWithFlags
                0x080025c0                chEvtUnregister
                0x08002600                chEvtGetAndClearEvents
                0x08002640                chEvtAddEvents
                0x08002680                chEvtBroadcastFlagsI
                0x080026e0                chEvtGetAndClearFlags
                0x08002710                chEvtSignal
                0x08002740                chEvtSignalI
                0x080027a0                chEvtBroadcastFlags
                0x080027d0                chEvtGetAndClearFlagsI
                0x080027f0                chEvtDispatch
                0x08002840                chEvtWaitOne
                0x080028a0                chEvtWaitAny
                0x08002900                chEvtWaitAll
                0x08002950                chEvtWaitOneTimeout
                0x080029d0                chEvtWaitAnyTimeout
                0x08002a50                chEvtWaitAllTimeout
 .text          0x08002ac0      0x1b0 build/obj/chmsg.o
                0x08002ba0                chMsgSend
                0x08002c00                chMsgWait
                0x08002c50                chMsgRelease
 .text          0x08002c70      0x410 build/obj/chmboxes.o
                0x08002ce0                chMBObjectInit
                0x08002d30                chMBReset
                0x08002d50                chMBResetI
                0x08002da0                chMBPost
                0x08002dd0                chMBPostS
                0x08002e30                chMBPostI
                0x08002e90                chMBPostAhead
                0x08002ec0                chMBPostAheadS
                0x08002f20                chMBPostAheadI
                0x08002f90                chMBFetch
                0x08002fc0                chMBFetchS
                0x08003020                chMBFetchI
 .text          0x08003080      0x570 build/obj/chqueues.o
                0x080031a0                chIQObjectInit
                0x080031f0                chIQResetI
                0x08003220                chIQPutI
                0x08003280                chIQGetTimeout
                0x08003310                chIQReadTimeout
                0x080033c0                chOQObjectInit
                0x08003410                chOQResetI
                0x08003450                chOQPutTimeout
                0x080034e0                chOQGetI
                0x08003540                chOQWriteTimeout
 .text          0x080035f0      0x100 build/obj/chmemcore.o
                0x08003630                _core_init
                0x08003660                chCoreAlloc
                0x08003680                chCoreAllocI
                0x080036d0                chCoreGetStatusX
 .text          0x080036f0      0x2a0 build/obj/chheap.o
                0x080036f0                _heap_init
                0x08003720                chHeapObjectInit
                0x08003760                chHeapAlloc
                0x08003850                chHeapFree
                0x08003920                chHeapStatus
 .text          0x08003990      0x150 build/obj/chmempools.o
                0x080039f0                chPoolObjectInit
                0x08003a10                chPoolLoadArray
                0x08003a40                chPoolAllocI
                0x08003a80                chPoolAlloc
                0x08003aa0                chPoolFreeI
                0x08003ac0                chPoolFree
 .text          0x08003ae0        0x0 build/obj/chcore.o
 .text          0x08003ae0       0xe0 build/obj/chcore_v7m.o
                0x08003b20                SVC_Handler
                0x08003b50                _port_irq_epilogue
 .text          0x08003bc0        0x0 build/obj/osal.o
 .text          0x08003bc0       0x40 build/obj/hal.o
                0x08003bd0                halInit
 .text          0x08003c00       0xc0 build/obj/st.o
                0x08003c50                stInit
                0x08003c60                stStartAlarm
                0x08003c80                stStopAlarm
                0x08003c90                stSetAlarm
                0x08003cb0                stGetAlarm
 .text          0x08003cc0      0x9b0 build/obj/hal_buffers.o
                0x08003e00                ibqObjectInit
                0x08003e70                ibqResetI
                0x08003eb0                ibqGetEmptyBufferI
                0x08003ef0                ibqPostFullBufferI
                0x08003f40                ibqGetFullBufferTimeout
                0x08003f70                ibqGetFullBufferTimeoutS
                0x08003fc0                ibqReleaseEmptyBuffer
                0x08003fe0                ibqReleaseEmptyBufferS
                0x08004030                ibqGetTimeout
                0x08004090                ibqReadTimeout
                0x080041b0                obqObjectInit
                0x08004220                obqResetI
                0x08004260                obqGetFullBufferI
                0x080042b0                obqReleaseEmptyBufferI
                0x08004300                obqGetEmptyBufferTimeout
                0x08004330                obqGetEmptyBufferTimeoutS
                0x08004380                obqPostFullBuffer
                0x080043a0                obqPostFullBufferS
                0x08004400                obqPutTimeout
                0x08004470                obqWriteTimeout
                0x080045a0                obqTryFlushI
                0x08004630                obqFlush
 .text          0x08004670        0x0 build/obj/hal_queues.o
 .text          0x08004670      0x950 build/obj/hal_mmcsd.o
                0x08004670                _mmcsd_get_slice
                0x080046f0                _mmcsd_get_capacity
                0x08004760                _mmcsd_get_capacity_ext
                0x08004790                _mmcsd_unpack_sdc_cid
                0x080048a0                _mmcsd_unpack_mmc_cid
                0x080049c0                _mmcsd_unpack_csd_mmc
                0x08004c10                _mmcsd_unpack_csd_v10
                0x08004df0                _mmcsd_unpack_csd_v20
 .text          0x08004fc0       0x90 build/obj/pal.o
                0x08004fc0                palReadBus
                0x08004fe0                palWriteBus
                0x08005020                palSetBusMode
 .text          0x08005050      0xb40 build/obj/sdc.o
                0x08005660                _sdc_wait_for_transfer_state
                0x080056c0                sdcInit
                0x080056d0                sdcObjectInit
                0x08005700                sdcStart
                0x08005730                sdcStop
                0x08005750                sdcConnect
                0x08005910                sdcDisconnect
                0x08005970                sdcRead
                0x080059d0                sdcWrite
                0x08005a30                sdcGetAndClearErrors
                0x08005a60                sdcSync
                0x08005aa0                sdcGetInfo
                0x08005ad0                sdcErase
 .text          0x08005b90      0x430 build/obj/serial.o
                0x08005df0                sdInit
                0x08005e00                sdObjectInit
                0x08005e60                sdStart
                0x08005e90                sdStop
                0x08005ed0                sdIncomingDataI
                0x08005f30                sdRequestDataI
                0x08005f60                sdPutWouldBlock
                0x08005f90                sdGetWouldBlock
 .text          0x08005fc0      0x3a0 build/obj/spi.o
                0x080060a0                spiInit
                0x080060b0                spiObjectInit
                0x080060e0                spiStart
                0x08006110                spiStop
                0x08006130                spiSelect
                0x08006150                spiUnselect
                0x08006170                spiStartIgnore
                0x080061a0                spiStartExchange
                0x080061d0                spiStartSend
                0x08006200                spiStartReceive
                0x08006230                spiIgnore
                0x08006260                spiExchange
                0x080062a0                spiSend
                0x080062e0                spiReceive
                0x08006320                spiAcquireBus
                0x08006340                spiReleaseBus
 .text          0x08006360      0xc20 build/obj/usb.o
                0x08006880                usbInit
                0x08006890                usbObjectInit
                0x080068e0                usbStart
                0x08006930                usbStop
                0x08006980                usbInitEndpointI
                0x080069e0                usbDisableEndpointsI
                0x08006a30                usbStartReceiveI
                0x08006a90                usbStartTransmitI
                0x08006af0                usbStallReceiveI
                0x08006b30                usbStallTransmitI
                0x08006b70                _usb_reset
                0x08006bf0                _usb_suspend
                0x08006c30                _usb_wakeup
                0x08006c60                _usb_ep0setup
                0x08006dc0                _usb_ep0in
                0x08006ec0                _usb_ep0out
 .text          0x08006f80       0xe0 build/obj/nvic.o
                0x08006f80                nvicEnableVector
                0x08006fd0                nvicDisableVector
                0x08007010                nvicSetSystemHandlerPriority
                0x08007030                nvicClearPending
 .text          0x08007060      0x2c0 build/obj/hal_lld.o
                0x080070d0                hal_lld_init
                0x08007180                stm32_clock_init
 .text          0x08007320      0x800 build/obj/stm32_dma.o
                0x08007320                Vector6C
                0x08007390                Vector70
                0x08007400                Vector74
                0x08007470                Vector78
                0x080074e0                Vector7C
                0x08007550                Vector80
                0x080075c0                Vector84
                0x08007630                Vector120
                0x080076a0                Vector124
                0x08007710                Vector128
                0x08007780                Vector12C
                0x080077f0                Vector130
                0x08007860                Vector150
                0x080078d0                Vector154
                0x08007940                dmaInit
                0x080079a0                dmaStreamAllocate
                0x08007a80                dmaStreamRelease
 .text          0x08007b20       0xe0 build/obj/st_lld.o
                0x08007bb0                SysTick_Handler
                0x08007bd0                st_lld_init
 .text          0x08007c00      0x2b0 build/obj/pal_lld.o
                0x08007c60                _pal_lld_init
                0x08007d00                _pal_lld_setgroupmode
 .text          0x08007eb0     0x1720 build/obj/usb_lld.o
                0x08008ac0                Vector14C
                0x08008ae0                usb_lld_init
                0x08008b10                usb_lld_start
                0x08008c30                usb_lld_stop
                0x08008c90                usb_lld_reset
                0x08008dc0                usb_lld_set_address
                0x08008df0                usb_lld_init_endpoint
                0x08009050                usb_lld_disable_endpoints
                0x08009070                usb_lld_get_status_out
                0x080090b0                usb_lld_get_status_in
                0x080090f0                usb_lld_read_setup
                0x08009120                usb_lld_start_out
                0x08009260                usb_lld_start_in
                0x080093c0                usb_lld_stall_out
                0x08009400                usb_lld_stall_in
                0x08009440                usb_lld_clear_out
                0x08009480                usb_lld_clear_in
                0x080094c0                usb_lld_pump
 .text          0x080095d0      0xc80 build/obj/sdc_lld.o
                0x08009a80                Vector104
                0x08009ab0                sdc_lld_init
                0x08009ae0                sdc_lld_start
                0x08009b70                sdc_lld_stop
                0x08009bd0                sdc_lld_start_clk
                0x08009c10                sdc_lld_set_data_clk
                0x08009c30                sdc_lld_stop_clk
                0x08009c50                sdc_lld_set_bus_mode
                0x08009ca0                sdc_lld_send_cmd_none
                0x08009ce0                sdc_lld_send_cmd_short
                0x08009d60                sdc_lld_send_cmd_short_crc
                0x08009de0                sdc_lld_send_cmd_long_crc
                0x08009e80                sdc_lld_read_special
                0x08009f00                sdc_lld_read_aligned
                0x0800a010                sdc_lld_write_aligned
                0x0800a120                sdc_lld_read
                0x0800a1b0                sdc_lld_write
                0x0800a240                sdc_lld_sync
 .text          0x0800a250      0x930 build/obj/spi_lld.o
                0x0800a420                spi_lld_init
                0x0800a460                spi_lld_start
                0x0800a580                spi_lld_stop
                0x0800a5e0                spi_lld_select
                0x0800a600                spi_lld_unselect
                0x0800a620                spi_lld_ignore
                0x0800a720                spi_lld_exchange
                0x0800a830                spi_lld_send
                0x0800a930                spi_lld_receive
                0x0800aa30                spi_lld_polled_exchange
                0x0800aaa0                spi_lld_polled_tx
                0x0800ab00                spi_lld_polled_rx
 .text          0x0800ab80      0x3d0 build/obj/serial_lld.o
                0x0800ae60                Vector114
                0x0800ae80                sd_lld_init
                0x0800aec0                sd_lld_start
                0x0800af10                sd_lld_stop
 .text          0x0800af50       0x40 build/obj/board.o
                0x0800af50                __early_init
                0x0800af60                sdc_lld_is_card_inserted
                0x0800af70                sdc_lld_is_write_protected
                0x0800af80                boardInit
 .text          0x0800af90      0x7c0 build/obj/test.o
                0x0800b100                test_printn
                0x0800b190                test_print
                0x0800b1d0                test_println
                0x0800b250                test_emit_token
                0x0800b280                _test_fail
                0x0800b2b0                _test_assert
                0x0800b2e0                _test_assert_sequence
                0x0800b340                _test_assert_time_window
                0x0800b370                test_terminate_threads
                0x0800b3b0                test_wait_threads
                0x0800b400                test_wait_tick
                0x0800b440                test_start_timer
                0x0800b540                TestThread
 .text          0x0800b750      0x560 build/obj/testthd.o
 .text          0x0800bcb0      0x800 build/obj/testsem.o
 .text          0x0800c4b0      0xa80 build/obj/testmtx.o
 .text          0x0800cf30      0x110 build/obj/testmsg.o
 .text          0x0800d040      0x8d0 build/obj/testmbox.o
 .text          0x0800d910      0x700 build/obj/testevt.o
 .text          0x0800e010      0x300 build/obj/testheap.o
 .text          0x0800e310      0x150 build/obj/testpools.o
 .text          0x0800e460      0x570 build/obj/testdyn.o
 .text          0x0800e9d0      0x7f0 build/obj/testqueues.o
 .text          0x0800f1c0      0x450 build/obj/testsys.o
 .text          0x0800f610      0xba0 build/obj/testbmk.o
 .text          0x080101b0      0x200 build/obj/evtimer.o
                0x08010350                evtObjectInit
                0x08010380                evtStart
 .text          0x080103b0      0x180 build/obj/memstreams.o
                0x08010500                msObjectInit
 .text          0x08010530      0x5b0 build/obj/chprintf.o
                0x080105f0                chvprintf
                0x08010a50                chprintf
                0x08010a80                chsnprintf
 .text          0x08010ae0      0x600 build/obj/shell.o
                0x08010f60                shellInit
                0x08010f70                shellExit
                0x08010f90                shellCreate
                0x08010fc0                shellCreateStatic
                0x08010ff0                shellGetLine
 .text          0x080110e0      0x190 build/obj/main.o
                0x080111d0                main
 .text          0x08011270     0x4010 build/obj/LSM303AGR_ACC_driver.o
                0x08011270                LSM303AGR_ACC_Init
                0x080112a0                LSM303AGR_ACC_WriteReg
                0x080112f0                LSM303AGR_ACC_ReadReg
                0x08011340                LSM303AGR_ACC_R_WHO_AM_I
                0x08011370                LSM303AGR_ACC_W_BlockDataUpdate
                0x080113e0                LSM303AGR_ACC_R_BlockDataUpdate
                0x08011420                LSM303AGR_ACC_W_FullScale
                0x08011490                LSM303AGR_ACC_R_FullScale
                0x080114d0                LSM303AGR_ACC_Get_Raw_Acceleration
                0x08011500                LSM303AGR_ACC_Get_Acceleration
                0x08011710                LSM303AGR_ACC_W_ODR
                0x08011780                LSM303AGR_ACC_R_ODR
                0x080117c0                LSM303AGR_ACC_R_x_data_avail
                0x08011800                LSM303AGR_ACC_R_y_data_avail
                0x08011840                LSM303AGR_ACC_R_z_data_avail
                0x08011880                LSM303AGR_ACC_R_xyz_data_avail
                0x080118c0                LSM303AGR_ACC_R_DataXOverrun
                0x08011900                LSM303AGR_ACC_R_DataYOverrun
                0x08011940                LSM303AGR_ACC_R_DataZOverrun
                0x08011980                LSM303AGR_ACC_R_DataXYZOverrun
                0x080119c0                LSM303AGR_ACC_R_int_counter
                0x08011a00                LSM303AGR_ACC_W_TEMP_EN_bits
                0x08011a70                LSM303AGR_ACC_R_TEMP_EN_bits
                0x08011ab0                LSM303AGR_ACC_W_ADC_PD
                0x08011b20                LSM303AGR_ACC_R_ADC_PD
                0x08011b60                LSM303AGR_ACC_W_XEN
                0x08011bd0                LSM303AGR_ACC_R_XEN
                0x08011c10                LSM303AGR_ACC_W_YEN
                0x08011c80                LSM303AGR_ACC_R_YEN
                0x08011cc0                LSM303AGR_ACC_W_ZEN
                0x08011d30                LSM303AGR_ACC_R_ZEN
                0x08011d70                LSM303AGR_ACC_W_LOWPWR_EN
                0x08011de0                LSM303AGR_ACC_R_LOWPWR_EN
                0x08011e20                LSM303AGR_ACC_W_hpf_aoi_en_int1
                0x08011e90                LSM303AGR_ACC_R_hpf_aoi_en_int1
                0x08011ed0                LSM303AGR_ACC_W_hpf_aoi_en_int2
                0x08011f40                LSM303AGR_ACC_R_hpf_aoi_en_int2
                0x08011f80                LSM303AGR_ACC_W_hpf_click_en
                0x08011ff0                LSM303AGR_ACC_R_hpf_click_en
                0x08012030                LSM303AGR_ACC_W_Data_Filter
                0x080120a0                LSM303AGR_ACC_R_Data_Filter
                0x080120e0                LSM303AGR_ACC_W_hpf_cutoff_freq
                0x08012150                LSM303AGR_ACC_R_hpf_cutoff_freq
                0x08012190                LSM303AGR_ACC_W_hpf_mode
                0x08012200                LSM303AGR_ACC_R_hpf_mode
                0x08012240                LSM303AGR_ACC_W_FIFO_Overrun_on_INT1
                0x080122b0                LSM303AGR_ACC_R_FIFO_Overrun_on_INT1
                0x080122f0                LSM303AGR_ACC_W_FIFO_Watermark_on_INT1
                0x08012360                LSM303AGR_ACC_R_FIFO_Watermark_on_INT1
                0x080123a0                LSM303AGR_ACC_W_FIFO_DRDY2_on_INT1
                0x08012410                LSM303AGR_ACC_R_FIFO_DRDY2_on_INT1
                0x08012450                LSM303AGR_ACC_W_FIFO_DRDY1_on_INT1
                0x080124c0                LSM303AGR_ACC_R_FIFO_DRDY1_on_INT1
                0x08012500                LSM303AGR_ACC_W_FIFO_AOL2_on_INT1
                0x08012570                LSM303AGR_ACC_R_FIFO_AOL2_on_INT1
                0x080125b0                LSM303AGR_ACC_W_FIFO_AOL1_on_INT1
                0x08012620                LSM303AGR_ACC_R_FIFO_AOL1_on_INT1
                0x08012660                LSM303AGR_ACC_W_FIFO_Click_on_INT1
                0x080126d0                LSM303AGR_ACC_R_FIFO_Click_on_INT1
                0x08012710                LSM303AGR_ACC_W_SPI_mode
                0x08012780                LSM303AGR_ACC_R_SPI_mode
                0x080127c0                LSM303AGR_ACC_W_SelfTest
                0x08012830                LSM303AGR_ACC_R_SelfTest
                0x08012870                LSM303AGR_ACC_W_HiRes
                0x080128e0                LSM303AGR_ACC_R_HiRes
                0x08012920                LSM303AGR_ACC_W_LittleBigEndian
                0x08012990                LSM303AGR_ACC_R_LittleBigEndian
                0x080129d0                LSM303AGR_ACC_W_4D_on_INT2
                0x08012a40                LSM303AGR_ACC_R_4D_on_INT2
                0x08012a80                LSM303AGR_ACC_W_LatchInterrupt_on_INT2
                0x08012af0                LSM303AGR_ACC_R_LatchInterrupt_on_INT2
                0x08012b30                LSM303AGR_ACC_W_4D_on_INT1
                0x08012ba0                LSM303AGR_ACC_R_4D_on_INT1
                0x08012be0                LSM303AGR_ACC_W_LatchInterrupt_on_INT1
                0x08012c50                LSM303AGR_ACC_R_LatchInterrupt_on_INT1
                0x08012c90                LSM303AGR_ACC_W_FIFO_EN
                0x08012d00                LSM303AGR_ACC_R_FIFO_EN
                0x08012d40                LSM303AGR_ACC_W_RebootMemory
                0x08012db0                LSM303AGR_ACC_R_RebootMemory
                0x08012df0                LSM303AGR_ACC_W_IntActive
                0x08012e60                LSM303AGR_ACC_R_IntActive
                0x08012ea0                LSM303AGR_ACC_W_P2_ACT
                0x08012f10                LSM303AGR_ACC_R_P2_ACT
                0x08012f50                LSM303AGR_ACC_W_Boot_on_INT2
                0x08012fc0                LSM303AGR_ACC_R_Boot_on_INT2
                0x08013000                LSM303AGR_ACC_W_I2_on_INT2
                0x08013070                LSM303AGR_ACC_R_I2_on_INT2
                0x080130b0                LSM303AGR_ACC_W_I2_on_INT1
                0x08013120                LSM303AGR_ACC_R_I2_on_INT1
                0x08013160                LSM303AGR_ACC_W_Click_on_INT2
                0x080131d0                LSM303AGR_ACC_R_Click_on_INT2
                0x08013210                LSM303AGR_ACC_W_ReferenceVal
                0x08013270                LSM303AGR_ACC_R_ReferenceVal
                0x080132b0                LSM303AGR_ACC_R_XDataAvail
                0x080132f0                LSM303AGR_ACC_R_YDataAvail
                0x08013330                LSM303AGR_ACC_R_ZDataAvail
                0x08013370                LSM303AGR_ACC_R_XYZDataAvail
                0x080133b0                LSM303AGR_ACC_R_XDataOverrun
                0x080133f0                LSM303AGR_ACC_R_YDataOverrun
                0x08013430                LSM303AGR_ACC_R_ZDataOverrun
                0x08013470                LSM303AGR_ACC_R_XYZDataOverrun
                0x080134b0                LSM303AGR_ACC_W_FifoThreshold
                0x08013530                LSM303AGR_ACC_R_FifoThreshold
                0x08013570                LSM303AGR_ACC_W_TriggerSel
                0x080135e0                LSM303AGR_ACC_R_TriggerSel
                0x08013620                LSM303AGR_ACC_W_FifoMode
                0x08013690                LSM303AGR_ACC_R_FifoMode
                0x080136d0                LSM303AGR_ACC_R_FifoSamplesAvail
                0x08013710                LSM303AGR_ACC_R_FifoEmpty
                0x08013750                LSM303AGR_ACC_R_FifoOverrun
                0x08013790                LSM303AGR_ACC_R_WatermarkLevel
                0x080137d0                LSM303AGR_ACC_W_Int1EnXLo
                0x08013840                LSM303AGR_ACC_R_Int1EnXLo
                0x08013880                LSM303AGR_ACC_W_Int1EnXHi
                0x080138f0                LSM303AGR_ACC_R_Int1EnXHi
                0x08013930                LSM303AGR_ACC_W_Int1EnYLo
                0x080139a0                LSM303AGR_ACC_R_Int1EnYLo
                0x080139e0                LSM303AGR_ACC_W_Int1EnYHi
                0x08013a50                LSM303AGR_ACC_R_Int1EnYHi
                0x08013a90                LSM303AGR_ACC_W_Int1EnZLo
                0x08013b00                LSM303AGR_ACC_R_Int1EnZLo
                0x08013b40                LSM303AGR_ACC_W_Int1EnZHi
                0x08013bb0                LSM303AGR_ACC_R_Int1EnZHi
                0x08013bf0                LSM303AGR_ACC_W_Int1_6D
                0x08013c60                LSM303AGR_ACC_R_Int1_6D
                0x08013ca0                LSM303AGR_ACC_W_Int1_AOI
                0x08013d10                LSM303AGR_ACC_R_Int1_AOI
                0x08013d50                LSM303AGR_ACC_W_Int2EnXLo
                0x08013dc0                LSM303AGR_ACC_R_Int2EnXLo
                0x08013e00                LSM303AGR_ACC_W_Int2EnXHi
                0x08013e70                LSM303AGR_ACC_R_Int2EnXHi
                0x08013eb0                LSM303AGR_ACC_W_Int2EnYLo
                0x08013f20                LSM303AGR_ACC_R_Int2EnYLo
                0x08013f60                LSM303AGR_ACC_W_Int2EnYHi
                0x08013fd0                LSM303AGR_ACC_R_Int2EnYHi
                0x08014010                LSM303AGR_ACC_W_Int2EnZLo
                0x08014080                LSM303AGR_ACC_R_Int2EnZLo
                0x080140c0                LSM303AGR_ACC_W_Int2EnZHi
                0x08014130                LSM303AGR_ACC_R_Int2EnZHi
                0x08014170                LSM303AGR_ACC_W_Int2_6D
                0x080141e0                LSM303AGR_ACC_R_Int2_6D
                0x08014220                LSM303AGR_ACC_W_Int2_AOI
                0x08014290                LSM303AGR_ACC_R_Int2_AOI
                0x080142d0                LSM303AGR_ACC_R_Int1_Xlo
                0x08014310                LSM303AGR_ACC_R_Int1_XHi
                0x08014350                LSM303AGR_ACC_R_Int1_YLo
                0x08014390                LSM303AGR_ACC_R_Int1_YHi
                0x080143d0                LSM303AGR_ACC_R_Int1_Zlo
                0x08014410                LSM303AGR_ACC_R_Int1_ZHi
                0x08014450                LSM303AGR_ACC_R_Int1_IA
                0x08014490                LSM303AGR_ACC_R_Int2_Xlo
                0x080144d0                LSM303AGR_ACC_R_Int2_XHi
                0x08014510                LSM303AGR_ACC_R_Int2_YLo
                0x08014550                LSM303AGR_ACC_R_Int2_YHi
                0x08014590                LSM303AGR_ACC_R_Int2_Zlo
                0x080145d0                LSM303AGR_ACC_R_Int2_ZHi
                0x08014610                LSM303AGR_ACC_R_Int2_IA
                0x08014650                LSM303AGR_ACC_W_Int1_Threshold
                0x080146d0                LSM303AGR_ACC_R_Int1_Threshold
                0x08014710                LSM303AGR_ACC_W_Int2_Threshold
                0x08014790                LSM303AGR_ACC_R_Int2_Threshold
                0x080147d0                LSM303AGR_ACC_W_Int1_Duration
                0x08014850                LSM303AGR_ACC_R_Int1_Duration
                0x08014890                LSM303AGR_ACC_W_Int2_Duration
                0x08014910                LSM303AGR_ACC_R_Int2_Duration
                0x08014950                LSM303AGR_ACC_W_XSingle
                0x080149c0                LSM303AGR_ACC_R_XSingle
                0x08014a00                LSM303AGR_ACC_W_XDouble
                0x08014a70                LSM303AGR_ACC_R_XDouble
                0x08014ab0                LSM303AGR_ACC_W_YSingle
                0x08014b20                LSM303AGR_ACC_R_YSingle
                0x08014b60                LSM303AGR_ACC_W_YDouble
                0x08014bd0                LSM303AGR_ACC_R_YDouble
                0x08014c10                LSM303AGR_ACC_W_ZSingle
                0x08014c80                LSM303AGR_ACC_R_ZSingle
                0x08014cc0                LSM303AGR_ACC_W_ZDouble
                0x08014d30                LSM303AGR_ACC_R_ZDouble
                0x08014d70                LSM303AGR_ACC_R_ClickX
                0x08014db0                LSM303AGR_ACC_R_ClickY
                0x08014df0                LSM303AGR_ACC_R_ClickZ
                0x08014e30                LSM303AGR_ACC_R_ClickSign
                0x08014e70                LSM303AGR_ACC_R_SingleCLICK
                0x08014eb0                LSM303AGR_ACC_R_DoubleCLICK
                0x08014ef0                LSM303AGR_ACC_R_CLICK_IA
                0x08014f30                LSM303AGR_ACC_W_ClickThreshold
                0x08014fb0                LSM303AGR_ACC_R_ClickThreshold
                0x08014ff0                LSM303AGR_ACC_W_ClickTimeLimit
                0x08015070                LSM303AGR_ACC_R_ClickTimeLimit
                0x080150b0                LSM303AGR_ACC_W_ClickTimeLatency
                0x08015110                LSM303AGR_ACC_R_ClickTimeLatency
                0x08015150                LSM303AGR_ACC_W_ClickTimeWindow
                0x080151b0                LSM303AGR_ACC_R_ClickTimeWindow
                0x080151f0                LSM303AGR_ACC_Get_Voltage_ADC
 .text          0x08015280      0x1a0 build/obj/SensorTile.o
                0x08015280                Sensor_IO_SPI_Write
                0x08015340                Sensor_IO_SPI_Read
 .text          0x08015420       0x38 /nfs/nfs5/home/research/hardware/arm2/gcc-arm-embedded/gcc-arm-none-eabi-4_8-2014q2/bin/../lib/gcc/arm-none-eabi/4.8.4/armv7e-m/libgcc.a(_aeabi_ldivmod.o)
                0x08015420                __aeabi_ldivmod
 *fill*         0x08015458        0x8 
 .text          0x08015460       0x60 /nfs/nfs5/home/research/hardware/arm2/gcc-arm-embedded/gcc-arm-none-eabi-4_8-2014q2/bin/../lib/gcc/arm-none-eabi/4.8.4/armv7e-m/libgcc.a(bpabi.o)
                0x08015460                __gnu_ldivmod_helper
                0x08015490                __gnu_uldivmod_helper
 .text          0x080154c0        0x4 /nfs/nfs5/home/research/hardware/arm2/gcc-arm-embedded/gcc-arm-none-eabi-4_8-2014q2/bin/../lib/gcc/arm-none-eabi/4.8.4/armv7e-m/libgcc.a(_dvmd_tls.o)
                0x080154c0                __aeabi_ldiv0
                0x080154c0                __aeabi_idiv0
 *fill*         0x080154c4        0xc 
 .text          0x080154d0      0x298 /nfs/nfs5/home/research/hardware/arm2/gcc-arm-embedded/gcc-arm-none-eabi-4_8-2014q2/bin/../lib/gcc/arm-none-eabi/4.8.4/armv7e-m/libgcc.a(_divdi3.o)
                0x080154d0                __divdi3
 *fill*         0x08015768        0x8 
 .text          0x08015770      0x284 /nfs/nfs5/home/research/hardware/arm2/gcc-arm-embedded/gcc-arm-none-eabi-4_8-2014q2/bin/../lib/gcc/arm-none-eabi/4.8.4/armv7e-m/libgcc.a(_udivdi3.o)
                0x08015770                __udivdi3
 *fill*         0x080159f4        0xc 
 .text          0x08015a00      0x134 /nfs/nfs5/home/research/hardware/arm2/gcc-arm-embedded/gcc-arm-none-eabi-4_8-2014q2/bin/../lib/gcc/arm-none-eabi/4.8.4/../../../../arm-none-eabi/lib/armv7e-m/libg.a(lib_a-memcpy.o)
                0x08015a00                memcpy
 *fill*         0x08015b34        0xc 
 .text          0x08015b40        0x0 /nfs/nfs5/home/research/hardware/arm2/gcc-arm-embedded/gcc-arm-none-eabi-4_8-2014q2/bin/../lib/gcc/arm-none-eabi/4.8.4/../../../../arm-none-eabi/lib/armv7e-m/libg.a(lib_a-memset.o)
 .text          0x08015b40      0x21c /nfs/nfs5/home/research/hardware/arm2/gcc-arm-embedded/gcc-arm-none-eabi-4_8-2014q2/bin/../lib/gcc/arm-none-eabi/4.8.4/../../../../arm-none-eabi/lib/armv7e-m/libg.a(lib_a-strcmp.o)
                0x08015b40                strcmp
 *fill*         0x08015d5c        0x4 
 .text          0x08015d60        0x0 /nfs/nfs5/home/research/hardware/arm2/gcc-arm-embedded/gcc-arm-none-eabi-4_8-2014q2/bin/../lib/gcc/arm-none-eabi/4.8.4/../../../../arm-none-eabi/lib/armv7e-m/libg.a(lib_a-strpbrk.o)
 .text          0x08015d60        0x0 /nfs/nfs5/home/research/hardware/arm2/gcc-arm-embedded/gcc-arm-none-eabi-4_8-2014q2/bin/../lib/gcc/arm-none-eabi/4.8.4/../../../../arm-none-eabi/lib/armv7e-m/libg.a(lib_a-strspn.o)
 *(.text.*)
 .text.memset   0x08015d60       0x94 /nfs/nfs5/home/research/hardware/arm2/gcc-arm-embedded/gcc-arm-none-eabi-4_8-2014q2/bin/../lib/gcc/arm-none-eabi/4.8.4/../../../../arm-none-eabi/lib/armv7e-m/libg.a(lib_a-memset.o)
                0x08015d60                memset
 *fill*         0x08015df4        0xc 
 .text.strpbrk  0x08015e00       0x50 /nfs/nfs5/home/research/hardware/arm2/gcc-arm-embedded/gcc-arm-none-eabi-4_8-2014q2/bin/../lib/gcc/arm-none-eabi/4.8.4/../../../../arm-none-eabi/lib/armv7e-m/libg.a(lib_a-strpbrk.o)
                0x08015e00                strpbrk
 .text.strspn   0x08015e50       0x40 /nfs/nfs5/home/research/hardware/arm2/gcc-arm-embedded/gcc-arm-none-eabi-4_8-2014q2/bin/../lib/gcc/arm-none-eabi/4.8.4/../../../../arm-none-eabi/lib/armv7e-m/libg.a(lib_a-strspn.o)
                0x08015e50                strspn
 *(.rodata)
 .rodata        0x08015e90       0x80 build/obj/crt1.o
 .rodata        0x08015f10        0x8 build/obj/chsys.o
 *fill*         0x08015f18        0x8 
 .rodata        0x08015f20       0x18 build/obj/chregistry.o
                0x08015f20                ch_debug
 *fill*         0x08015f38        0x8 
 .rodata        0x08015f40       0x20 build/obj/sdc.o
 .rodata        0x08015f60       0x20 build/obj/serial.o
 .rodata        0x08015f80        0xc build/obj/usb.o
 *fill*         0x08015f8c        0x4 
 .rodata        0x08015f90      0x118 build/obj/stm32_dma.o
                0x08015f90                _stm32_dma_streams
 *fill*         0x080160a8        0x8 
 .rodata        0x080160b0       0x40 build/obj/usb_lld.o
 .rodata        0x080160f0        0x8 build/obj/sdc_lld.o
 *fill*         0x080160f8        0x8 
 .rodata        0x08016100       0x10 build/obj/spi_lld.o
 .rodata        0x08016110       0x10 build/obj/serial_lld.o
 .rodata        0x08016120      0x120 build/obj/board.o
                0x08016120                pal_default_config
 .rodata        0x08016240      0x210 build/obj/test.o
                0x08016240                wa
 .rodata        0x08016450       0xd4 build/obj/testthd.o
                0x08016488                testthd1
                0x080164b4                testthd2
                0x080164e0                testthd3
                0x08016500                testthd4
                0x08016510                patternthd
 *fill*         0x08016524        0xc 
 .rodata        0x08016530       0xe0 build/obj/testsem.o
                0x08016564                testsem1
                0x08016588                testsem2
                0x080165b8                testsem3
                0x080165ec                testsem4
                0x080165fc                patternsem
 .rodata        0x08016610      0x130 build/obj/testmtx.o
                0x08016650                testmtx1
                0x0801667c                testmtx4
                0x0801669c                testmtx5
                0x080166c4                testmtx6
                0x080166ec                testmtx7
                0x08016714                testmtx8
                0x08016724                patternmtx
 .rodata        0x08016740       0x2c build/obj/testmsg.o
                0x08016754                testmsg1
                0x08016764                patternmsg
 *fill*         0x0801676c        0x4 
 .rodata        0x08016770       0x40 build/obj/testmbox.o
                0x08016798                testmbox1
                0x080167a8                patternmbox
 .rodata        0x080167b0       0xa8 build/obj/testevt.o
                0x080167e4                testevt1
                0x08016814                testevt2
                0x08016838                testevt3
                0x08016848                patternevt
 *fill*         0x08016858        0x8 
 .rodata        0x08016860       0x40 build/obj/testheap.o
                0x08016888                testheap1
                0x08016898                patternheap
 .rodata        0x080168a0       0x34 build/obj/testpools.o
                0x080168bc                testpools1
                0x080168cc                patternpools
 *fill*         0x080168d4        0xc 
 .rodata        0x080168e0       0xe4 build/obj/testdyn.o
                0x0801691c                testdyn1
                0x0801696c                testdyn2
                0x080169a4                testdyn3
                0x080169b4                patterndyn
 *fill*         0x080169c4        0xc 
 .rodata        0x080169d0       0x64 build/obj/testqueues.o
                0x080169f0                testqueues1
                0x08016a18                testqueues2
                0x08016a28                patternqueues
 *fill*         0x08016a34        0xc 
 .rodata        0x08016a40       0x88 build/obj/testsys.o
                0x08016a58                testsys1
                0x08016a84                testsys2
                0x08016aa8                testsys3
                0x08016ab8                patternsys
 *fill*         0x08016ac8        0x8 
 .rodata        0x08016ad0      0x3d0 build/obj/testbmk.o
                0x08016b10                testbmk1
                0x08016b38                testbmk2
                0x08016b60                testbmk3
                0x08016b8c                testbmk4
                0x08016bc8                testbmk5
                0x08016bf8                testbmk6
                0x08016c44                testbmk7
                0x08016c80                testbmk8
                0x08016cc0                testbmk9
                0x08016d00                testbmk10
                0x08016d44                testbmk11
                0x08016d84                testbmk12
                0x08016e58                testbmk13
                0x08016e68                patternbmk
 .rodata        0x08016ea0       0x10 build/obj/memstreams.o
 .rodata        0x08016eb0        0x8 build/obj/chprintf.o
 *fill*         0x08016eb8        0x8 
 .rodata        0x08016ec0      0x238 build/obj/shell.o
 *fill*         0x080170f8        0x8 
 .rodata        0x08017100       0x78 build/obj/main.o
 *fill*         0x08017178        0x8 
 .rodata        0x08017180       0x60 build/obj/LSM303AGR_ACC_driver.o
                0x08017180                LSM303AGR_ACC_Sensitivity_List
 *(.rodata.*)
 *(.glue_7t)
 .glue_7t       0x00000000        0x0 linker stubs
 *(.glue_7)
 .glue_7        0x00000000        0x0 linker stubs
 *(.gcc*)

.vfp11_veneer   0x080171e0        0x0
 .vfp11_veneer  0x00000000        0x0 linker stubs

.v4_bx          0x080171e0        0x0
 .v4_bx         0x00000000        0x0 linker stubs

.iplt           0x080171e0        0x0
 .iplt          0x00000000        0x0 build/obj/crt0_v7m.o

.ARM.extab      0x080171e0        0x0
 *(.ARM.extab* .gnu.linkonce.armextab.*)
 .ARM.extab     0x080171e0        0x0 /nfs/nfs5/home/research/hardware/arm2/gcc-arm-embedded/gcc-arm-none-eabi-4_8-2014q2/bin/../lib/gcc/arm-none-eabi/4.8.4/armv7e-m/libgcc.a(_divdi3.o)
 .ARM.extab     0x080171e0        0x0 /nfs/nfs5/home/research/hardware/arm2/gcc-arm-embedded/gcc-arm-none-eabi-4_8-2014q2/bin/../lib/gcc/arm-none-eabi/4.8.4/armv7e-m/libgcc.a(_udivdi3.o)

.ARM.exidx      0x080171e0        0x8
                0x080171e0                __exidx_start = .
 *(.ARM.exidx* .gnu.linkonce.armexidx.*)
 .ARM.exidx     0x080171e0        0x8 /nfs/nfs5/home/research/hardware/arm2/gcc-arm-embedded/gcc-arm-none-eabi-4_8-2014q2/bin/../lib/gcc/arm-none-eabi/4.8.4/armv7e-m/libgcc.a(_divdi3.o)
 .ARM.exidx     0x080171e8        0x0 /nfs/nfs5/home/research/hardware/arm2/gcc-arm-embedded/gcc-arm-none-eabi-4_8-2014q2/bin/../lib/gcc/arm-none-eabi/4.8.4/armv7e-m/libgcc.a(_udivdi3.o)
                                  0x8 (size before relaxing)
                0x080171e8                __exidx_end = .

.rel.dyn        0x080171e8        0x0
 .rel.iplt      0x00000000        0x0 build/obj/crt0_v7m.o

.eh_frame_hdr
 *(.eh_frame_hdr)

.eh_frame
 *(.eh_frame)

.textalign      0x080171e8        0x0
                0x080171e8                . = ALIGN (0x8)
                0x080171e8                . = ALIGN (0x4)
                0x080171e8                PROVIDE (_etext, .)

.mstack         0x20000000      0x400
                0x20000000                . = ALIGN (0x8)
                0x20000000                __main_stack_base__ = .
                0x20000400                . = (. + __main_stack_size__)
 *fill*         0x20000000      0x400 
                0x20000400                . = ALIGN (0x8)
                0x20000400                __main_stack_end__ = .

.pstack         0x20000400      0x400
                0x20000400                __process_stack_base__ = .
                0x20000400                __main_thread_stack_base__ = .
                0x20000800                . = (. + __process_stack_size__)
 *fill*         0x20000400      0x400 
                0x20000800                . = ALIGN (0x8)
                0x20000800                __process_stack_end__ = .
                0x20000800                __main_thread_stack_end__ = .

.data           0x20000800      0x100 load address 0x080171e8
                0x20000800                . = ALIGN (0x4)
                0x080171e8                PROVIDE (_textdata, LOADADDR (.data))
                0x20000800                PROVIDE (_data, .)
                0x080171e8                _textdata_start = LOADADDR (.data)
                0x20000800                _data_start = .
 *(.data)
 .data          0x20000800        0x0 build/obj/crt0_v7m.o
 .data          0x20000800        0x0 build/obj/chcoreasm_v7m.o
 .data          0x20000800        0x0 build/obj/crt1.o
 .data          0x20000800        0x0 build/obj/vectors.o
 .data          0x20000800        0x0 build/obj/chsys.o
 .data          0x20000800        0x0 build/obj/chdebug.o
 .data          0x20000800        0x0 build/obj/chvt.o
 .data          0x20000800        0x0 build/obj/chschd.o
 .data          0x20000800        0x0 build/obj/chthreads.o
 .data          0x20000800        0x0 build/obj/chtm.o
 .data          0x20000800        0x0 build/obj/chdynamic.o
 .data          0x20000800        0x0 build/obj/chregistry.o
 .data          0x20000800        0x0 build/obj/chsem.o
 .data          0x20000800        0x0 build/obj/chmtx.o
 .data          0x20000800        0x0 build/obj/chcond.o
 .data          0x20000800        0x0 build/obj/chevents.o
 .data          0x20000800        0x0 build/obj/chmsg.o
 .data          0x20000800        0x0 build/obj/chmboxes.o
 .data          0x20000800        0x0 build/obj/chqueues.o
 .data          0x20000800        0x0 build/obj/chmemcore.o
 .data          0x20000800        0x0 build/obj/chheap.o
 .data          0x20000800        0x0 build/obj/chmempools.o
 .data          0x20000800        0x0 build/obj/chcore.o
 .data          0x20000800        0x0 build/obj/chcore_v7m.o
 .data          0x20000800        0x0 build/obj/osal.o
 .data          0x20000800        0x0 build/obj/hal.o
 .data          0x20000800        0x0 build/obj/st.o
 .data          0x20000800        0x0 build/obj/hal_buffers.o
 .data          0x20000800        0x0 build/obj/hal_queues.o
 .data          0x20000800        0x0 build/obj/hal_mmcsd.o
 .data          0x20000800        0x0 build/obj/pal.o
 .data          0x20000800        0x0 build/obj/sdc.o
 .data          0x20000800        0x0 build/obj/serial.o
 .data          0x20000800        0x0 build/obj/spi.o
 .data          0x20000800        0x0 build/obj/usb.o
 .data          0x20000800        0x0 build/obj/nvic.o
 .data          0x20000800        0x4 build/obj/hal_lld.o
                0x20000800                SystemCoreClock
 .data          0x20000804        0x0 build/obj/stm32_dma.o
 .data          0x20000804        0x0 build/obj/st_lld.o
 .data          0x20000804        0x0 build/obj/pal_lld.o
 .data          0x20000804        0x0 build/obj/usb_lld.o
 .data          0x20000804        0x0 build/obj/sdc_lld.o
 .data          0x20000804        0x0 build/obj/spi_lld.o
 .data          0x20000804        0x0 build/obj/serial_lld.o
 .data          0x20000804        0x0 build/obj/board.o
 .data          0x20000804       0x34 build/obj/test.o
 .data          0x20000838        0x0 build/obj/testthd.o
 .data          0x20000838        0xc build/obj/testsem.o
 .data          0x20000844       0x28 build/obj/testmtx.o
 .data          0x2000086c        0x0 build/obj/testmsg.o
 .data          0x2000086c       0x28 build/obj/testmbox.o
 .data          0x20000894        0x8 build/obj/testevt.o
 .data          0x2000089c        0x0 build/obj/testheap.o
 .data          0x2000089c        0xc build/obj/testpools.o
 .data          0x200008a8        0x0 build/obj/testdyn.o
 .data          0x200008a8       0x48 build/obj/testqueues.o
 .data          0x200008f0        0x0 build/obj/testsys.o
 .data          0x200008f0        0x0 build/obj/testbmk.o
 .data          0x200008f0        0x0 build/obj/evtimer.o
 .data          0x200008f0        0x0 build/obj/memstreams.o
 .data          0x200008f0        0x0 build/obj/chprintf.o
 .data          0x200008f0        0x0 build/obj/shell.o
 .data          0x200008f0        0x0 build/obj/main.o
 .data          0x200008f0       0x10 build/obj/LSM303AGR_ACC_driver.o
 .data          0x20000900        0x0 build/obj/SensorTile.o
 .data          0x20000900        0x0 /nfs/nfs5/home/research/hardware/arm2/gcc-arm-embedded/gcc-arm-none-eabi-4_8-2014q2/bin/../lib/gcc/arm-none-eabi/4.8.4/armv7e-m/libgcc.a(_aeabi_ldivmod.o)
 .data          0x20000900        0x0 /nfs/nfs5/home/research/hardware/arm2/gcc-arm-embedded/gcc-arm-none-eabi-4_8-2014q2/bin/../lib/gcc/arm-none-eabi/4.8.4/armv7e-m/libgcc.a(bpabi.o)
 .data          0x20000900        0x0 /nfs/nfs5/home/research/hardware/arm2/gcc-arm-embedded/gcc-arm-none-eabi-4_8-2014q2/bin/../lib/gcc/arm-none-eabi/4.8.4/armv7e-m/libgcc.a(_dvmd_tls.o)
 .data          0x20000900        0x0 /nfs/nfs5/home/research/hardware/arm2/gcc-arm-embedded/gcc-arm-none-eabi-4_8-2014q2/bin/../lib/gcc/arm-none-eabi/4.8.4/armv7e-m/libgcc.a(_divdi3.o)
 .data          0x20000900        0x0 /nfs/nfs5/home/research/hardware/arm2/gcc-arm-embedded/gcc-arm-none-eabi-4_8-2014q2/bin/../lib/gcc/arm-none-eabi/4.8.4/armv7e-m/libgcc.a(_udivdi3.o)
 .data          0x20000900        0x0 /nfs/nfs5/home/research/hardware/arm2/gcc-arm-embedded/gcc-arm-none-eabi-4_8-2014q2/bin/../lib/gcc/arm-none-eabi/4.8.4/../../../../arm-none-eabi/lib/armv7e-m/libg.a(lib_a-memcpy.o)
 .data          0x20000900        0x0 /nfs/nfs5/home/research/hardware/arm2/gcc-arm-embedded/gcc-arm-none-eabi-4_8-2014q2/bin/../lib/gcc/arm-none-eabi/4.8.4/../../../../arm-none-eabi/lib/armv7e-m/libg.a(lib_a-memset.o)
 .data          0x20000900        0x0 /nfs/nfs5/home/research/hardware/arm2/gcc-arm-embedded/gcc-arm-none-eabi-4_8-2014q2/bin/../lib/gcc/arm-none-eabi/4.8.4/../../../../arm-none-eabi/lib/armv7e-m/libg.a(lib_a-strcmp.o)
 .data          0x20000900        0x0 /nfs/nfs5/home/research/hardware/arm2/gcc-arm-embedded/gcc-arm-none-eabi-4_8-2014q2/bin/../lib/gcc/arm-none-eabi/4.8.4/../../../../arm-none-eabi/lib/armv7e-m/libg.a(lib_a-strpbrk.o)
 .data          0x20000900        0x0 /nfs/nfs5/home/research/hardware/arm2/gcc-arm-embedded/gcc-arm-none-eabi-4_8-2014q2/bin/../lib/gcc/arm-none-eabi/4.8.4/../../../../arm-none-eabi/lib/armv7e-m/libg.a(lib_a-strspn.o)
 *(.data.*)
 *(.ramtext)
                0x20000900                . = ALIGN (0x4)
                0x20000900                PROVIDE (_edata, .)
                0x20000900                _data_end = .

.igot.plt       0x20000900        0x0 load address 0x080172e8
 .igot.plt      0x00000000        0x0 build/obj/crt0_v7m.o

.bss            0x20000900      0xfa4 load address 0x080172e8
                0x20000900                . = ALIGN (0x4)
                0x20000900                _bss_start = .
 *(.bss)
 .bss           0x20000900        0x0 build/obj/crt0_v7m.o
 .bss           0x20000900        0x0 build/obj/chcoreasm_v7m.o
 .bss           0x20000900        0x0 build/obj/crt1.o
 .bss           0x20000900        0x0 build/obj/vectors.o
 .bss           0x20000900        0x0 build/obj/chsys.o
 .bss           0x20000900        0x0 build/obj/chdebug.o
 .bss           0x20000900        0x0 build/obj/chvt.o
 .bss           0x20000900        0x0 build/obj/chschd.o
 .bss           0x20000900        0x0 build/obj/chthreads.o
 .bss           0x20000900        0x0 build/obj/chtm.o
 .bss           0x20000900        0x0 build/obj/chdynamic.o
 .bss           0x20000900        0x0 build/obj/chregistry.o
 .bss           0x20000900        0x0 build/obj/chsem.o
 .bss           0x20000900        0x0 build/obj/chmtx.o
 .bss           0x20000900        0x0 build/obj/chcond.o
 .bss           0x20000900        0x0 build/obj/chevents.o
 .bss           0x20000900        0x0 build/obj/chmsg.o
 .bss           0x20000900        0x0 build/obj/chmboxes.o
 .bss           0x20000900        0x0 build/obj/chqueues.o
 .bss           0x20000900        0x8 build/obj/chmemcore.o
 .bss           0x20000908       0x20 build/obj/chheap.o
 .bss           0x20000928        0x0 build/obj/chmempools.o
 .bss           0x20000928        0x0 build/obj/chcore.o
 .bss           0x20000928        0x0 build/obj/chcore_v7m.o
 .bss           0x20000928        0x0 build/obj/osal.o
 .bss           0x20000928        0x0 build/obj/hal.o
 .bss           0x20000928        0x0 build/obj/st.o
 .bss           0x20000928        0x0 build/obj/hal_buffers.o
 .bss           0x20000928        0x0 build/obj/hal_queues.o
 .bss           0x20000928        0x0 build/obj/hal_mmcsd.o
 .bss           0x20000928        0x0 build/obj/pal.o
 .bss           0x20000928        0x0 build/obj/sdc.o
 .bss           0x20000928        0x0 build/obj/serial.o
 .bss           0x20000928        0x0 build/obj/spi.o
 .bss           0x20000928        0x0 build/obj/usb.o
 .bss           0x20000928        0x0 build/obj/nvic.o
 .bss           0x20000928        0x0 build/obj/hal_lld.o
 .bss           0x20000928        0x4 build/obj/stm32_dma.o
 .bss           0x2000092c        0x0 build/obj/st_lld.o
 .bss           0x2000092c        0x0 build/obj/pal_lld.o
 .bss           0x2000092c       0x18 build/obj/usb_lld.o
 .bss           0x20000944      0x200 build/obj/sdc_lld.o
 .bss           0x20000b44        0x2 build/obj/spi_lld.o
 .bss           0x20000b46        0x0 build/obj/serial_lld.o
 .bss           0x20000b46        0x0 build/obj/board.o
 *fill*         0x20000b46        0x2 
 .bss           0x20000b48       0x34 build/obj/test.o
 .bss           0x20000b7c        0x0 build/obj/testthd.o
 .bss           0x20000b7c        0x0 build/obj/testsem.o
 .bss           0x20000b7c        0x0 build/obj/testmtx.o
 .bss           0x20000b7c        0x0 build/obj/testmsg.o
 .bss           0x20000b7c        0x0 build/obj/testmbox.o
 .bss           0x20000b7c        0x0 build/obj/testevt.o
 *fill*         0x20000b7c        0x4 
 .bss           0x20000b80       0x20 build/obj/testheap.o
 .bss           0x20000ba0        0x0 build/obj/testpools.o
 .bss           0x20000ba0       0x30 build/obj/testdyn.o
 .bss           0x20000bd0        0x0 build/obj/testqueues.o
 .bss           0x20000bd0        0x0 build/obj/testsys.o
 .bss           0x20000bd0       0x78 build/obj/testbmk.o
 .bss           0x20000c48        0x0 build/obj/evtimer.o
 .bss           0x20000c48        0x0 build/obj/memstreams.o
 .bss           0x20000c48        0x0 build/obj/chprintf.o
 .bss           0x20000c48        0x0 build/obj/shell.o
 .bss           0x20000c48      0x150 build/obj/main.o
 .bss           0x20000d98        0x0 build/obj/LSM303AGR_ACC_driver.o
 .bss           0x20000d98        0x0 build/obj/SensorTile.o
 .bss           0x20000d98        0x0 /nfs/nfs5/home/research/hardware/arm2/gcc-arm-embedded/gcc-arm-none-eabi-4_8-2014q2/bin/../lib/gcc/arm-none-eabi/4.8.4/armv7e-m/libgcc.a(_aeabi_ldivmod.o)
 .bss           0x20000d98        0x0 /nfs/nfs5/home/research/hardware/arm2/gcc-arm-embedded/gcc-arm-none-eabi-4_8-2014q2/bin/../lib/gcc/arm-none-eabi/4.8.4/armv7e-m/libgcc.a(bpabi.o)
 .bss           0x20000d98        0x0 /nfs/nfs5/home/research/hardware/arm2/gcc-arm-embedded/gcc-arm-none-eabi-4_8-2014q2/bin/../lib/gcc/arm-none-eabi/4.8.4/armv7e-m/libgcc.a(_dvmd_tls.o)
 .bss           0x20000d98        0x0 /nfs/nfs5/home/research/hardware/arm2/gcc-arm-embedded/gcc-arm-none-eabi-4_8-2014q2/bin/../lib/gcc/arm-none-eabi/4.8.4/armv7e-m/libgcc.a(_divdi3.o)
 .bss           0x20000d98        0x0 /nfs/nfs5/home/research/hardware/arm2/gcc-arm-embedded/gcc-arm-none-eabi-4_8-2014q2/bin/../lib/gcc/arm-none-eabi/4.8.4/armv7e-m/libgcc.a(_udivdi3.o)
 .bss           0x20000d98        0x0 /nfs/nfs5/home/research/hardware/arm2/gcc-arm-embedded/gcc-arm-none-eabi-4_8-2014q2/bin/../lib/gcc/arm-none-eabi/4.8.4/../../../../arm-none-eabi/lib/armv7e-m/libg.a(lib_a-memcpy.o)
 .bss           0x20000d98        0x0 /nfs/nfs5/home/research/hardware/arm2/gcc-arm-embedded/gcc-arm-none-eabi-4_8-2014q2/bin/../lib/gcc/arm-none-eabi/4.8.4/../../../../arm-none-eabi/lib/armv7e-m/libg.a(lib_a-memset.o)
 .bss           0x20000d98        0x0 /nfs/nfs5/home/research/hardware/arm2/gcc-arm-embedded/gcc-arm-none-eabi-4_8-2014q2/bin/../lib/gcc/arm-none-eabi/4.8.4/../../../../arm-none-eabi/lib/armv7e-m/libg.a(lib_a-strcmp.o)
 .bss           0x20000d98        0x0 /nfs/nfs5/home/research/hardware/arm2/gcc-arm-embedded/gcc-arm-none-eabi-4_8-2014q2/bin/../lib/gcc/arm-none-eabi/4.8.4/../../../../arm-none-eabi/lib/armv7e-m/libg.a(lib_a-strpbrk.o)
 .bss           0x20000d98        0x0 /nfs/nfs5/home/research/hardware/arm2/gcc-arm-embedded/gcc-arm-none-eabi-4_8-2014q2/bin/../lib/gcc/arm-none-eabi/4.8.4/../../../../arm-none-eabi/lib/armv7e-m/libg.a(lib_a-strspn.o)
 *(.bss.*)
 *(COMMON)
 COMMON         0x20000d98      0x150 build/obj/chschd.o
                0x20000d98                ch
 COMMON         0x20000ee8       0x70 build/obj/stm32_dma.o
                0x20000ee8                _stm32_dma_isr_redir
 COMMON         0x20000f58      0x1d0 build/obj/usb_lld.o
                0x20000f58                USBD1
 COMMON         0x20001128       0x4c build/obj/sdc_lld.o
                0x20001128                SDCD1
 COMMON         0x20001174       0x30 build/obj/spi_lld.o
                0x20001174                SPID2
 COMMON         0x200011a4       0x7c build/obj/serial_lld.o
                0x200011a4                SD5
 COMMON         0x20001220      0x680 build/obj/test.o
                0x20001220                test_global_fail
                0x20001221                test_timer_done
                0x20001224                threads
                0x20001238                test
 COMMON         0x200018a0        0x4 build/obj/shell.o
                0x200018a0                shell_terminated
                0x200018a4                . = ALIGN (0x4)
                0x200018a4                _bss_end = .
                0x200018a4                PROVIDE (end, .)

.ram0_init      0x200018a4        0x0 load address 0x080172e8
                0x200018a4                . = ALIGN (0x4)
                0x080172e8                __ram0_init_text__ = LOADADDR (.ram0_init)
                0x200018a4                __ram0_init__ = .
 *(.ram0_init)
 *(.ram0_init.*)
                0x200018a4                . = ALIGN (0x4)

.ram0           0x200018a4        0x0 load address 0x080172e8
                0x200018a4                . = ALIGN (0x4)
                0x200018a4                __ram0_clear__ = .
 *(.ram0_clear)
 *(.ram0_clear.*)
                0x200018a4                . = ALIGN (0x4)
                0x200018a4                __ram0_noinit__ = .
 *(.ram0)
 *(.ram0.*)
                0x200018a4                . = ALIGN (0x4)
                0x200018a4                __ram0_free__ = .

.ram1_init      0x00000000        0x0 load address 0x080172e8
                0x00000000                . = ALIGN (0x4)
                0x080172e8                __ram1_init_text__ = LOADADDR (.ram1_init)
                0x00000000                __ram1_init__ = .
 *(.ram1_init)
 *(.ram1_init.*)
                0x00000000                . = ALIGN (0x4)

.ram1           0x00000000        0x0 load address 0x080172e8
                0x00000000                . = ALIGN (0x4)
                0x00000000                __ram1_clear__ = .
 *(.ram1_clear)
 *(.ram1_clear.*)
                0x00000000                . = ALIGN (0x4)
                0x00000000                __ram1_noinit__ = .
 *(.ram1)
 *(.ram1.*)
                0x00000000                . = ALIGN (0x4)
                0x00000000                __ram1_free__ = .

.ram2_init      0x00000000        0x0 load address 0x080172e8
                0x00000000                . = ALIGN (0x4)
                0x080172e8                __ram2_init_text__ = LOADADDR (.ram2_init)
                0x00000000                __ram2_init__ = .
 *(.ram2_init)
 *(.ram2_init.*)
                0x00000000                . = ALIGN (0x4)

.ram2           0x00000000        0x0 load address 0x080172e8
                0x00000000                . = ALIGN (0x4)
                0x00000000                __ram2_clear__ = .
 *(.ram2_clear)
 *(.ram2_clear.*)
                0x00000000                . = ALIGN (0x4)
                0x00000000                __ram2_noinit__ = .
 *(.ram2)
 *(.ram2.*)
                0x00000000                . = ALIGN (0x4)
                0x00000000                __ram2_free__ = .

.ram3_init      0x00000000        0x0 load address 0x080172e8
                0x00000000                . = ALIGN (0x4)
                0x080172e8                __ram3_init_text__ = LOADADDR (.ram3_init)
                0x00000000                __ram3_init__ = .
 *(.ram3_init)
 *(.ram3_init.*)
                0x00000000                . = ALIGN (0x4)

.ram3           0x00000000        0x0 load address 0x080172e8
                0x00000000                . = ALIGN (0x4)
                0x00000000                __ram3_clear__ = .
 *(.ram3_clear)
 *(.ram3_clear.*)
                0x00000000                . = ALIGN (0x4)
                0x00000000                __ram3_noinit__ = .
 *(.ram3)
 *(.ram3.*)
                0x00000000                . = ALIGN (0x4)
                0x00000000                __ram3_free__ = .

.ram4_init      0x10000000        0x0 load address 0x080172e8
                0x10000000                . = ALIGN (0x4)
                0x080172e8                __ram4_init_text__ = LOADADDR (.ram4_init)
                0x10000000                __ram4_init__ = .
 *(.ram4_init)
 *(.ram4_init.*)
                0x10000000                . = ALIGN (0x4)

.ram4           0x10000000        0x0 load address 0x080172e8
                0x10000000                . = ALIGN (0x4)
                0x10000000                __ram4_clear__ = .
 *(.ram4_clear)
 *(.ram4_clear.*)
                0x10000000                . = ALIGN (0x4)
                0x10000000                __ram4_noinit__ = .
 *(.ram4)
 *(.ram4.*)
                0x10000000                . = ALIGN (0x4)
                0x10000000                __ram4_free__ = .

.ram5_init      0x00000000        0x0 load address 0x080172e8
[...]
sdGetWouldBlock                                   build/obj/serial.o
sdIncomingDataI                                   build/obj/serial.o
                                                  build/obj/serial_lld.o
sdInit                                            build/obj/serial.o
                                                  build/obj/hal.o
sdObjectInit                                      build/obj/serial.o
                                                  build/obj/serial_lld.o
sdPutWouldBlock                                   build/obj/serial.o
sdRequestDataI                                    build/obj/serial.o
sdStart                                           build/obj/serial.o
                                                  build/obj/main.o
sdStop                                            build/obj/serial.o
sd_lld_init                                       build/obj/serial_lld.o
                                                  build/obj/serial.o
sd_lld_start                                      build/obj/serial_lld.o
                                                  build/obj/serial.o
sd_lld_stop                                       build/obj/serial_lld.o
                                                  build/obj/serial.o
sdcConnect                                        build/obj/sdc.o
sdcDisconnect                                     build/obj/sdc.o
sdcErase                                          build/obj/sdc.o
sdcGetAndClearErrors                              build/obj/sdc.o
sdcGetInfo                                        build/obj/sdc.o
sdcInit                                           build/obj/sdc.o
                                                  build/obj/hal.o
sdcObjectInit                                     build/obj/sdc.o
                                                  build/obj/sdc_lld.o
sdcRead                                           build/obj/sdc.o
sdcStart                                          build/obj/sdc.o
sdcStop                                           build/obj/sdc.o
sdcSync                                           build/obj/sdc.o
sdcWrite                                          build/obj/sdc.o
sdc_lld_init                                      build/obj/sdc_lld.o
                                                  build/obj/sdc.o
sdc_lld_is_card_inserted                          build/obj/board.o
                                                  build/obj/sdc.o
sdc_lld_is_write_protected                        build/obj/board.o
                                                  build/obj/sdc.o
sdc_lld_read                                      build/obj/sdc_lld.o
                                                  build/obj/sdc.o
sdc_lld_read_aligned                              build/obj/sdc_lld.o
sdc_lld_read_special                              build/obj/sdc_lld.o
                                                  build/obj/sdc.o
sdc_lld_send_cmd_long_crc                         build/obj/sdc_lld.o
                                                  build/obj/sdc.o
sdc_lld_send_cmd_none                             build/obj/sdc_lld.o
                                                  build/obj/sdc.o
sdc_lld_send_cmd_short                            build/obj/sdc_lld.o
                                                  build/obj/sdc.o
sdc_lld_send_cmd_short_crc                        build/obj/sdc_lld.o
                                                  build/obj/sdc.o
sdc_lld_set_bus_mode                              build/obj/sdc_lld.o
                                                  build/obj/sdc.o
sdc_lld_set_data_clk                              build/obj/sdc_lld.o
                                                  build/obj/sdc.o
sdc_lld_start                                     build/obj/sdc_lld.o
                                                  build/obj/sdc.o
sdc_lld_start_clk                                 build/obj/sdc_lld.o
                                                  build/obj/sdc.o
sdc_lld_stop                                      build/obj/sdc_lld.o
                                                  build/obj/sdc.o
sdc_lld_stop_clk                                  build/obj/sdc_lld.o
                                                  build/obj/sdc.o
sdc_lld_sync                                      build/obj/sdc_lld.o
                                                  build/obj/sdc.o
sdc_lld_write                                     build/obj/sdc_lld.o
                                                  build/obj/sdc.o
sdc_lld_write_aligned                             build/obj/sdc_lld.o
shellCreate                                       build/obj/shell.o
                                                  build/obj/main.o
shellCreateStatic                                 build/obj/shell.o
shellExit                                         build/obj/shell.o
shellGetLine                                      build/obj/shell.o
shellInit                                         build/obj/shell.o
                                                  build/obj/main.o
shell_terminated                                  build/obj/shell.o
spiAcquireBus                                     build/obj/spi.o
                                                  build/obj/SensorTile.o
spiExchange                                       build/obj/spi.o
spiIgnore                                         build/obj/spi.o
spiInit                                           build/obj/spi.o
                                                  build/obj/hal.o
spiObjectInit                                     build/obj/spi.o
                                                  build/obj/spi_lld.o
spiReceive                                        build/obj/spi.o
spiReleaseBus                                     build/obj/spi.o
                                                  build/obj/SensorTile.o
spiSelect                                         build/obj/spi.o
                                                  build/obj/SensorTile.o
spiSend                                           build/obj/spi.o
spiStart                                          build/obj/spi.o
                                                  build/obj/SensorTile.o
spiStartExchange                                  build/obj/spi.o
spiStartIgnore                                    build/obj/spi.o
spiStartReceive                                   build/obj/spi.o
spiStartSend                                      build/obj/spi.o
spiStop                                           build/obj/spi.o
spiUnselect                                       build/obj/spi.o
                                                  build/obj/SensorTile.o
spi_lld_exchange                                  build/obj/spi_lld.o
                                                  build/obj/spi.o
spi_lld_ignore                                    build/obj/spi_lld.o
                                                  build/obj/spi.o
spi_lld_init                                      build/obj/spi_lld.o
                                                  build/obj/spi.o
spi_lld_polled_exchange                           build/obj/spi_lld.o
spi_lld_polled_rx                                 build/obj/spi_lld.o
                                                  build/obj/SensorTile.o
spi_lld_polled_tx                                 build/obj/spi_lld.o
                                                  build/obj/SensorTile.o
spi_lld_receive                                   build/obj/spi_lld.o
                                                  build/obj/spi.o
spi_lld_select                                    build/obj/spi_lld.o
                                                  build/obj/spi.o
spi_lld_send                                      build/obj/spi_lld.o
                                                  build/obj/spi.o
spi_lld_start                                     build/obj/spi_lld.o
                                                  build/obj/spi.o
spi_lld_stop                                      build/obj/spi_lld.o
                                                  build/obj/spi.o
spi_lld_unselect                                  build/obj/spi_lld.o
                                                  build/obj/spi.o
stGetAlarm                                        build/obj/st.o
stInit                                            build/obj/st.o
                                                  build/obj/hal.o
stSetAlarm                                        build/obj/st.o
stStartAlarm                                      build/obj/st.o
stStopAlarm                                       build/obj/st.o
st_lld_init                                       build/obj/st_lld.o
                                                  build/obj/st.o
stm32_clock_init                                  build/obj/hal_lld.o
                                                  build/obj/board.o
strcmp                                            /nfs/nfs5/home/research/hardware/arm2/gcc-arm-embedded/gcc-arm-none-eabi-4_8-2014q2/bin/../lib/gcc/arm-none-eabi/4.8.4/../../../../arm-none-eabi/lib/armv7e-m/libg.a(lib_a-strcmp.o)
                                                  build/obj/shell.o
strpbrk                                           /nfs/nfs5/home/research/hardware/arm2/gcc-arm-embedded/gcc-arm-none-eabi-4_8-2014q2/bin/../lib/gcc/arm-none-eabi/4.8.4/../../../../arm-none-eabi/lib/armv7e-m/libg.a(lib_a-strpbrk.o)
                                                  build/obj/shell.o
strspn                                            /nfs/nfs5/home/research/hardware/arm2/gcc-arm-embedded/gcc-arm-none-eabi-4_8-2014q2/bin/../lib/gcc/arm-none-eabi/4.8.4/../../../../arm-none-eabi/lib/armv7e-m/libg.a(lib_a-strspn.o)
                                                  build/obj/shell.o
test                                              build/obj/testqueues.o
                                                  build/obj/testdyn.o
                                                  build/obj/testheap.o
                                                  build/obj/testmbox.o
                                                  build/obj/test.o
test_emit_token                                   build/obj/test.o
                                                  build/obj/testqueues.o
                                                  build/obj/testdyn.o
                                                  build/obj/testevt.o
                                                  build/obj/testmbox.o
                                                  build/obj/testmsg.o
                                                  build/obj/testmtx.o
                                                  build/obj/testsem.o
                                                  build/obj/testthd.o
test_global_fail                                  build/obj/test.o
test_print                                        build/obj/test.o
                                                  build/obj/testbmk.o
test_println                                      build/obj/test.o
                                                  build/obj/testbmk.o
test_printn                                       build/obj/test.o
                                                  build/obj/testbmk.o
test_start_timer                                  build/obj/test.o
                                                  build/obj/testbmk.o
test_terminate_threads                            build/obj/test.o
                                                  build/obj/testbmk.o
test_timer_done                                   build/obj/testbmk.o
                                                  build/obj/test.o
test_wait_threads                                 build/obj/test.o
                                                  build/obj/testbmk.o
                                                  build/obj/testqueues.o
                                                  build/obj/testdyn.o
                                                  build/obj/testevt.o
                                                  build/obj/testmtx.o
                                                  build/obj/testsem.o
                                                  build/obj/testthd.o
test_wait_tick                                    build/obj/test.o
                                                  build/obj/testbmk.o
                                                  build/obj/testevt.o
                                                  build/obj/testsem.o
                                                  build/obj/testthd.o
testbmk1                                          build/obj/testbmk.o
testbmk10                                         build/obj/testbmk.o
testbmk11                                         build/obj/testbmk.o
testbmk12                                         build/obj/testbmk.o
testbmk13                                         build/obj/testbmk.o
testbmk2                                          build/obj/testbmk.o
testbmk3                                          build/obj/testbmk.o
testbmk4                                          build/obj/testbmk.o
testbmk5                                          build/obj/testbmk.o
testbmk6                                          build/obj/testbmk.o
testbmk7                                          build/obj/testbmk.o
testbmk8                                          build/obj/testbmk.o
testbmk9                                          build/obj/testbmk.o
testdyn1                                          build/obj/testdyn.o
testdyn2                                          build/obj/testdyn.o
testdyn3                                          build/obj/testdyn.o
testevt1                                          build/obj/testevt.o
testevt2                                          build/obj/testevt.o
testevt3                                          build/obj/testevt.o
testheap1                                         build/obj/testheap.o
testmbox1                                         build/obj/testmbox.o
testmsg1                                          build/obj/testmsg.o
testmtx1                                          build/obj/testmtx.o
testmtx4                                          build/obj/testmtx.o
testmtx5                                          build/obj/testmtx.o
testmtx6                                          build/obj/testmtx.o
testmtx7                                          build/obj/testmtx.o
testmtx8                                          build/obj/testmtx.o
testpools1                                        build/obj/testpools.o
testqueues1                                       build/obj/testqueues.o
testqueues2                                       build/obj/testqueues.o
testsem1                                          build/obj/testsem.o
testsem2                                          build/obj/testsem.o
testsem3                                          build/obj/testsem.o
testsem4                                          build/obj/testsem.o
testsys1                                          build/obj/testsys.o
testsys2                                          build/obj/testsys.o
testsys3                                          build/obj/testsys.o
testthd1                                          build/obj/testthd.o
testthd2                                          build/obj/testthd.o
testthd3                                          build/obj/testthd.o
testthd4                                          build/obj/testthd.o
threads                                           build/obj/testbmk.o
                                                  build/obj/testqueues.o
                                                  build/obj/testdyn.o
                                                  build/obj/testevt.o
                                                  build/obj/testmsg.o
                                                  build/obj/testmtx.o
                                                  build/obj/testsem.o
                                                  build/obj/testthd.o
                                                  build/obj/test.o
usbDisableEndpointsI                              build/obj/usb.o
usbInit                                           build/obj/usb.o
                                                  build/obj/hal.o
usbInitEndpointI                                  build/obj/usb.o
usbObjectInit                                     build/obj/usb.o
                                                  build/obj/usb_lld.o
usbStallReceiveI                                  build/obj/usb.o
usbStallTransmitI                                 build/obj/usb.o
usbStart                                          build/obj/usb.o
usbStartReceiveI                                  build/obj/usb.o
usbStartTransmitI                                 build/obj/usb.o
usbStop                                           build/obj/usb.o
usb_lld_clear_in                                  build/obj/usb_lld.o
                                                  build/obj/usb.o
usb_lld_clear_out                                 build/obj/usb_lld.o
                                                  build/obj/usb.o
usb_lld_disable_endpoints                         build/obj/usb_lld.o
                                                  build/obj/usb.o
usb_lld_get_status_in                             build/obj/usb_lld.o
                                                  build/obj/usb.o
usb_lld_get_status_out                            build/obj/usb_lld.o
                                                  build/obj/usb.o
usb_lld_init                                      build/obj/usb_lld.o
                                                  build/obj/usb.o
usb_lld_init_endpoint                             build/obj/usb_lld.o
                                                  build/obj/usb.o
usb_lld_pump                                      build/obj/usb_lld.o
usb_lld_read_setup                                build/obj/usb_lld.o
                                                  build/obj/usb.o
usb_lld_reset                                     build/obj/usb_lld.o
                                                  build/obj/usb.o
usb_lld_set_address                               build/obj/usb_lld.o
                                                  build/obj/usb.o
usb_lld_stall_in                                  build/obj/usb_lld.o
                                                  build/obj/usb.o
usb_lld_stall_out                                 build/obj/usb_lld.o
                                                  build/obj/usb.o
usb_lld_start                                     build/obj/usb_lld.o
                                                  build/obj/usb.o
usb_lld_start_in                                  build/obj/usb_lld.o
                                                  build/obj/usb.o
usb_lld_start_out                                 build/obj/usb_lld.o
                                                  build/obj/usb.o
usb_lld_stop                                      build/obj/usb_lld.o
                                                  build/obj/usb.o
wa                                                build/obj/test.o
                                                  build/obj/testbmk.o
                                                  build/obj/testqueues.o
                                                  build/obj/testdyn.o
                                                  build/obj/testpools.o
                                                  build/obj/testevt.o
                                                  build/obj/testmsg.o
                                                  build/obj/testmtx.o
                                                  build/obj/testsem.o
                                                  build/obj/testthd.o
