<html>
<body>
<pre>
<h1>µVision Build Log</h1>
<h2>Tool Versions:</h2>
IDE-Version: µVision V5.23.0.0
Copyright (C) 2017 ARM Ltd and ARM Germany GmbH. All rights reserved.
License Information: Bryce Himebaugh Indiana University Flex license: MDK-ARM Professional: 100 user(s) (mdk_pro) Borrow: 30 Apr 2017
 
Tool Versions:
Toolchain:       MDK-ARM Professional: 100 user(s)  Version: 5.23
Toolchain Path:  C:\Keil_v5\ARM\ARMCC\Bin
C Compiler:      Armcc.exe V5.06 update 4 (build 422)
Assembler:       Armasm.exe V5.06 update 4 (build 422)
Linker/Locator:  ArmLink.exe V5.06 update 4 (build 422)
Library Manager: ArmAr.exe V5.06 update 4 (build 422)
Hex Converter:   FromElf.exe V5.06 update 4 (build 422)
CPU DLL:         SARMCM3.DLL V5.23
Dialog DLL:      DCM.DLL V1.15.0.0
Target DLL:      STLink\ST-LINKIII-KEIL_SWO.dll V2.0.18.0
Dialog DLL:      TCM.DLL V1.27.0.0
 
<h2>Project:</h2>
C:\Users\bhimebau\Desktop\BlueMicrosystem2_V2.2.0\Projects\Multi\Applications\BlueMicrosystem2\MDK-ARM\STM32L476RG-SensorTile\Project.uvprojx
Project File Date:  04/07/2017

<h2>Output:</h2>
*** Using Compiler 'V5.06 update 4 (build 422)', folder: 'C:\Keil_v5\ARM\ARMCC\Bin'
Rebuild target 'BlueMicrosystem2_STM32L476RG_SensorTile'
assembling startup_stm32l476xx.s...
compiling MotionFX_Manager.c...
compiling AudioBV_Manager.c...
compiling MotionCP_Manager.c...
compiling MotionGR_Manager.c...
compiling HWAdvanceFeatures.c...
compiling MotionAR_Manager.c...
compiling main.c...
compiling stm32l4xx_hal_msp.c...
compiling OTA.c...
compiling stm32l4xx_it.c...
compiling TargetPlatform.c...
compiling usbd_conf.c...
compiling sensor_service.c...
compiling HTS221_Driver_HL.c...
compiling usbd_cdc_interface.c...
compiling HTS221_Driver.c...
compiling LPS22HB_Driver_HL.c...
compiling LPS22HB_Driver.c...
compiling LSM303AGR_MAG_driver_HL.c...
compiling LSM303AGR_ACC_driver_HL.c...
compiling LSM303AGR_MAG_driver.c...
compiling STC3115_Driver.c...
compiling LSM303AGR_ACC_driver.c...
compiling LSM6DSM_ACC_GYRO_driver_HL.c...
compiling LSM6DSM_ACC_GYRO_driver.c...
compiling system_stm32l4xx.c...
compiling usbd_desc.c...
compiling SensorTile_gg.c...
compiling SensorTile_BlueNRG.c...
compiling SensorTile.c...
compiling SensorTile_audio_in.c...
compiling SensorTile_accelero.c...
compiling SensorTile_gyro.c...
compiling SensorTile_humidity.c...
compiling stm32l4xx_hal.c...
compiling SensorTile_pressure.c...
compiling SensorTile_magneto.c...
compiling SensorTile_temperature.c...
compiling stm32l4xx_hal_adc.c...
compiling stm32l4xx_hal_cortex.c...
compiling stm32l4xx_hal_adc_ex.c...
compiling stm32l4xx_hal_crc_ex.c...
compiling stm32l4xx_hal_crc.c...
compiling stm32l4xx_hal_dfsdm.c...
compiling stm32l4xx_hal_dma.c...
compiling stm32l4xx_hal_flash.c...
compiling stm32l4xx_hal_gpio.c...
compiling stm32l4xx_hal_flash_ex.c...
compiling stm32l4xx_hal_i2c_ex.c...
compiling stm32l4xx_hal_pwr.c...
compiling stm32l4xx_hal_i2c.c...
compiling stm32l4xx_hal_pwr_ex.c...
compiling stm32l4xx_hal_rcc.c...
compiling stm32l4xx_hal_rtc.c...
compiling stm32l4xx_hal_rcc_ex.c...
compiling stm32l4xx_hal_spi_ex.c...
compiling stm32l4xx_hal_rtc_ex.c...
compiling stm32l4xx_hal_spi.c...
compiling stm32l4xx_hal_tim.c...
compiling bluenrg_itf_template.c...
compiling stm32l4xx_hal_tim_ex.c...
compiling bluenrg_gap_aci.c...
compiling bluenrg_gatt_aci.c...
compiling bluenrg_hal_aci.c...
compiling bluenrg_l2cap_aci.c...
compiling bluenrg_updater_aci.c...
compiling stm32l4xx_hal_uart.c...
compiling osal.c...
compiling stm32l4xx_hal_uart_ex.c...
compiling stm32l4xx_hal_pcd.c...
compiling stm32l4xx_ll_usb.c...
compiling stm32l4xx_hal_pcd_ex.c...
compiling hci.c...
compiling gp_timer.c...
compiling bluenrg_utils.c...
compiling ble_list.c...
compiling usbd_core.c...
compiling usbd_ctlreq.c...
compiling usbd_ioreq.c...
compiling usbd_cdc.c...
compiling MetaDataManager.c...
linking...
.\STM32L476RG_SensorTile\BlueMS2_ST.axf: Warning: L6989W: Could not apply patch sdcomp-29491-629360 to instruction VPOP     {d8-d13} at offset 0x67bc, instruction is within an IT block and is not the last instruction for osx_motion_fx.o(.text).
Program Size: Code=132496 RO-data=2576 RW-data=8020 ZI-data=52708  
Finished: 0 information, 1 warning and 0 error messages.
FromELF: creating hex file...
After Build - User command #1: C:\Keil_v5\\ARM\ARMCC\bin\fromelf.exe --bin --output=BlueMS2_ST.bin .\STM32L476RG_SensorTile\BlueMS2_ST.axf
".\STM32L476RG_SensorTile\BlueMS2_ST.axf" - 0 Error(s), 1 Warning(s).

<h2>Software Packages used:</h2>

Package Vendor: ARM
                http://www.keil.com/pack/ARM.CMSIS.5.0.1.pack
                ARM::CMSIS:CORE:5.0.1
                CMSIS (Cortex Microcontroller Software Interface Standard)
   * Component: CORE Version: 5.0.1

<h2>Collection of Component include folders:</h2>
  .\RTE\_BlueMicrosystem2_STM32L476RG_SensorTile
  C:\Keil_v5\ARM\PACK\ARM\CMSIS\5.0.1\CMSIS\Include
  C:\Keil_v5\ARM\PACK\Keil\STM32L4xx_DFP\1.4.0\Device\Include

<h2>Collection of Component Files used:</h2>

   * Component: ARM::CMSIS:CORE:5.0.1
Build Time Elapsed:  00:02:45
</pre>
</body>
</html>
